Archive member included to satisfy reference by file (symbol)

c:/devkitPro/libctru/lib\libsftd.a(sftd.o)
                              Program.o (sftd_init)
c:/devkitPro/libctru/lib\libsftd.a(texture_atlas.o)
                              c:/devkitPro/libctru/lib\libsftd.a(sftd.o) (texture_atlas_create)
c:/devkitPro/libctru/lib\libsftd.a(bin_packing_2d.o)
                              c:/devkitPro/libctru/lib\libsftd.a(texture_atlas.o) (bp2d_create)
c:/devkitPro/libctru/lib\libsftd.a(int_htab.o)
                              c:/devkitPro/libctru/lib\libsftd.a(texture_atlas.o) (int_htab_create)
c:/devkitPro/portlibs/armv6k/lib\libfreetype.a(ftinit.o)
                              c:/devkitPro/libctru/lib\libsftd.a(sftd.o) (FT_Init_FreeType)
c:/devkitPro/portlibs/armv6k/lib\libfreetype.a(ftbase.o)
                              c:/devkitPro/libctru/lib\libsftd.a(sftd.o) (FT_Get_Kerning)
c:/devkitPro/portlibs/armv6k/lib\libfreetype.a(truetype.o)
                              c:/devkitPro/portlibs/armv6k/lib\libfreetype.a(ftinit.o) (tt_driver_class)
c:/devkitPro/portlibs/armv6k/lib\libfreetype.a(type1.o)
                              c:/devkitPro/portlibs/armv6k/lib\libfreetype.a(ftinit.o) (t1_driver_class)
c:/devkitPro/portlibs/armv6k/lib\libfreetype.a(cff.o)
                              c:/devkitPro/portlibs/armv6k/lib\libfreetype.a(ftinit.o) (cff_driver_class)
c:/devkitPro/portlibs/armv6k/lib\libfreetype.a(type1cid.o)
                              c:/devkitPro/portlibs/armv6k/lib\libfreetype.a(ftinit.o) (t1cid_driver_class)
c:/devkitPro/portlibs/armv6k/lib\libfreetype.a(pfr.o)
                              c:/devkitPro/portlibs/armv6k/lib\libfreetype.a(ftinit.o) (pfr_driver_class)
c:/devkitPro/portlibs/armv6k/lib\libfreetype.a(type42.o)
                              c:/devkitPro/portlibs/armv6k/lib\libfreetype.a(ftinit.o) (t42_driver_class)
c:/devkitPro/portlibs/armv6k/lib\libfreetype.a(winfnt.o)
                              c:/devkitPro/portlibs/armv6k/lib\libfreetype.a(ftinit.o) (winfnt_driver_class)
c:/devkitPro/portlibs/armv6k/lib\libfreetype.a(pcf.o)
                              c:/devkitPro/portlibs/armv6k/lib\libfreetype.a(ftinit.o) (pcf_driver_class)
c:/devkitPro/portlibs/armv6k/lib\libfreetype.a(bdf.o)
                              c:/devkitPro/portlibs/armv6k/lib\libfreetype.a(ftinit.o) (bdf_driver_class)
c:/devkitPro/portlibs/armv6k/lib\libfreetype.a(sfnt.o)
                              c:/devkitPro/portlibs/armv6k/lib\libfreetype.a(ftinit.o) (sfnt_module_class)
c:/devkitPro/portlibs/armv6k/lib\libfreetype.a(autofit.o)
                              c:/devkitPro/portlibs/armv6k/lib\libfreetype.a(ftinit.o) (autofit_module_class)
c:/devkitPro/portlibs/armv6k/lib\libfreetype.a(pshinter.o)
                              c:/devkitPro/portlibs/armv6k/lib\libfreetype.a(ftinit.o) (pshinter_module_class)
c:/devkitPro/portlibs/armv6k/lib\libfreetype.a(raster.o)
                              c:/devkitPro/portlibs/armv6k/lib\libfreetype.a(ftinit.o) (ft_raster1_renderer_class)
c:/devkitPro/portlibs/armv6k/lib\libfreetype.a(smooth.o)
                              c:/devkitPro/portlibs/armv6k/lib\libfreetype.a(ftinit.o) (ft_smooth_lcdv_renderer_class)
c:/devkitPro/portlibs/armv6k/lib\libfreetype.a(ftcache.o)
                              c:/devkitPro/libctru/lib\libsftd.a(sftd.o) (FTC_Manager_LookupFace)
c:/devkitPro/portlibs/armv6k/lib\libfreetype.a(ftgzip.o)
                              c:/devkitPro/portlibs/armv6k/lib\libfreetype.a(pcf.o) (FT_Stream_OpenGzip)
c:/devkitPro/portlibs/armv6k/lib\libfreetype.a(ftlzw.o)
                              c:/devkitPro/portlibs/armv6k/lib\libfreetype.a(pcf.o) (FT_Stream_OpenLZW)
c:/devkitPro/portlibs/armv6k/lib\libfreetype.a(psaux.o)
                              c:/devkitPro/portlibs/armv6k/lib\libfreetype.a(ftinit.o) (psaux_module_class)
c:/devkitPro/portlibs/armv6k/lib\libfreetype.a(psnames.o)
                              c:/devkitPro/portlibs/armv6k/lib\libfreetype.a(ftinit.o) (psnames_module_class)
c:/devkitPro/portlibs/armv6k/lib\libfreetype.a(ftsystem.o)
                              c:/devkitPro/portlibs/armv6k/lib\libfreetype.a(ftbase.o) (FT_Stream_Open)
c:/devkitPro/portlibs/armv6k/lib\libfreetype.a(ftbitmap.o)
                              c:/devkitPro/portlibs/armv6k/lib\libfreetype.a(sfnt.o) (FT_Bitmap_Init)
c:/devkitPro/portlibs/armv6k/lib\libfreetype.a(ftglyph.o)
                              c:/devkitPro/portlibs/armv6k/lib\libfreetype.a(ftcache.o) (FT_Get_Glyph)
c:/devkitPro/portlibs/armv6k/lib\libz.a(inflate.o)
                              c:/devkitPro/portlibs/armv6k/lib\libfreetype.a(ftgzip.o) (inflateReset)
c:/devkitPro/portlibs/armv6k/lib\libz.a(inftrees.o)
                              c:/devkitPro/portlibs/armv6k/lib\libz.a(inflate.o) (inflate_table)
c:/devkitPro/portlibs/armv6k/lib\libz.a(zutil.o)
                              c:/devkitPro/portlibs/armv6k/lib\libz.a(inflate.o) (zcalloc)
c:/devkitPro/portlibs/armv6k/lib\libz.a(adler32.o)
[...]
Memory Configuration

Name             Origin             Length             Attributes
*default*        0x00000000         0xffffffff

Linker script and memory map

                0x00100000                . = 0x100000
                0x00100000                __start__ = .

.text           0x00100000    0x86170
 *(.crt0)
 .crt0          0x00100000       0x94 c:/devkitpro/devkitarm/bin/../lib/gcc/arm-none-eabi/5.3.0/../../../../arm-none-eabi/lib/armv6k/fpu/3dsx_crt0.o
                0x00100000                _start
                0x00100008                __service_ptr
                0x0010000c                __apt_appid
                0x00100010                __heap_size
                0x00100014                __linear_heap_size
                0x00100018                __system_arglist
                0x0010001c                __system_runflags
 *(.init)
 .init          0x00100094        0xc c:/devkitpro/devkitarm/bin/../lib/gcc/arm-none-eabi/5.3.0/armv6k/fpu/crti.o
                0x00100094                _init
 .init          0x001000a0        0xc c:/devkitpro/devkitarm/bin/../lib/gcc/arm-none-eabi/5.3.0/armv6k/fpu/crtn.o
                0x001000ac                . = ALIGN (0x4)
 *(.text)
 .text          0x001000ac      0x108 c:/devkitpro/devkitarm/bin/../lib/gcc/arm-none-eabi/5.3.0/armv6k/fpu/crtbegin.o
 .text          0x001001b4      0x19c Galaxy.o
                0x001001b4                nmh::Galaxy::~Galaxy()
                0x001001b4                nmh::Galaxy::~Galaxy()
                0x001001b8                nmh::Galaxy::~Galaxy()
                0x001001cc                nmh::Galaxy::Galaxy(unsigned long)
                0x001001cc                nmh::Galaxy::Galaxy(unsigned long)
                0x00100298                nmh::Galaxy::ExploreStar(unsigned short, unsigned short, unsigned char)
 .text          0x00100350      0x2b0 System.o
                0x00100350                nmh::System::~System()
                0x00100350                nmh::System::~System()
                0x00100354                nmh::System::~System()
                0x00100368                nmh::System::GetNumPlanets()
                0x001003dc                nmh::System::ExplorePlanet(unsigned char)
                0x001004a0                nmh::System::ExploreMoon(unsigned char)
                0x00100564                nmh::System::System(unsigned long)
                0x00100564                nmh::System::System(unsigned long)
 .text          0x00100600       0xc8 c:/devkitPro/portlibs/armv6k/lib\libfreetype.a(ftinit.o)
                0x00100600                FT_Add_Default_Modules
                0x00100630                FT_Init_FreeType
                0x0010069c                FT_Done_FreeType
 .text          0x001006c8     0xc750 c:/devkitPro/portlibs/armv6k/lib\libfreetype.a(ftbase.o)
                0x00101344                FT_RoundFix
                0x00101358                FT_CeilFix
                0x0010136c                FT_FloorFix
                0x00101378                FT_Hypot
                0x00101494                FT_MulDiv
                0x001015d8                FT_MulDiv_No_Round
                0x001016fc                FT_MulFix
                0x0010171c                FT_DivFix
                0x00101a80                FT_Matrix_Multiply
                0x00101bb0                FT_Matrix_Invert
                0x00101c74                FT_Matrix_Multiply_Scaled
                0x00101d80                FT_Vector_Transform_Scaled
                0x00101e00                FT_Vector_NormLen
                0x00101fac                ft_corner_orientation
                0x001020c4                ft_corner_is_flat
                0x00102154                FT_GlyphLoader_New
                0x00102198                FT_GlyphLoader_Rewind
                0x001021d0                FT_GlyphLoader_Reset
                0x00102898                FT_GlyphLoader_Done
                0x0010299c                FT_GlyphLoader_Prepare
                0x00102a18                FT_GlyphLoader_Add
                0x00102c48                ft_service_list_lookup
                0x00102ca8                ft_validator_init
                0x00102cc0                ft_validator_run
                0x00102cc8                ft_validator_error
                0x00102cdc                FT_Stream_New
                0x00102d08                FT_Stream_Free
                0x00102d4c                ft_glyphslot_free_bitmap
                0x00102db0                ft_glyphslot_set_bitmap
                0x00102e10                ft_glyphslot_alloc_bitmap
                0x00102ec0                FT_New_GlyphSlot
                0x0010304c                FT_Done_GlyphSlot
                0x001030e0                FT_Set_Transform
                0x00103190                FT_Attach_File
                0x00103298                FT_Attach_Stream
                0x0010338c                FT_Reference_Face
                0x001033ac                FT_Done_Face
                0x00103470                FT_New_Size
                0x001035c8                FT_Done_Size
                0x00103704                FT_Match_Size
                0x00103834                ft_synthesize_vertical_metrics
                0x001038a4                FT_Select_Metrics
                0x001039e8                FT_Request_Metrics
                0x00103f24                FT_Select_Size
                0x00103f90                FT_Request_Size
                0x00103fcc                FT_Set_Char_Size
                0x00104058                FT_Set_Pixel_Sizes
                0x001040ec                FT_Get_Kerning
                0x00104210                FT_Get_Track_Kerning
                0x00104294                FT_Select_Charmap
                0x001043a4                FT_Set_Charmap
                0x00104484                FT_Get_Charmap_Index
                0x001044f0                FT_Get_Char_Index
                0x00104538                FT_Get_First_Char
                0x001045fc                FT_Get_Next_Char
                0x00104690                FT_Face_GetCharVariantIndex
                0x001047a0                FT_Face_GetCharVariantIsDefault
                0x00104888                FT_Face_GetVariantSelectors
                0x00104968                FT_Face_GetVariantsOfChar
                0x00104a50                FT_Face_GetCharsOfVariant
                0x00104b38                FT_Get_Name_Index
                0x00104bdc                FT_Get_Glyph_Name
                0x00104ccc                FT_Get_Postscript_Name
                0x00104d54                FT_Get_Sfnt_Table
                0x00104dc0                FT_Load_Sfnt_Table
                0x00104e48                FT_Sfnt_Table_Info
                0x00104ed4                FT_Get_CMap_Language_ID
                0x00104f54                FT_Get_CMap_Format
                0x00104fd0                FT_Activate_Size
                0x0010500c                FT_Lookup_Renderer
                0x00105080                FT_Get_Renderer
                0x001050d0                FT_Set_Renderer
                0x001051d0                FT_Render_Glyph_Internal
                0x001052f4                FT_Render_Glyph
                0x00105324                FT_Get_Module
                0x00105390                FT_Get_Module_Interface
                0x001053f8                ft_module_get_service
                0x0010547c                FT_Remove_Module
                0x001054a0                FT_Property_Set
                0x00105594                FT_Property_Get
                0x00105688                FT_Reference_Library
                0x001056a4                FT_New_Library
                0x00105720                FT_Library_Version
                0x00105758                FT_Done_Library
                0x00105920                FT_Set_Debug_Hook
                0x0010594c                FT_Get_TrueType_Engine_Type
                0x00105a20                FT_Get_SubGlyph_Info
                0x00105ab4                FT_Outline_Decompose
                0x00105edc                FT_Outline_Check
                0x00105f74                FT_Outline_Copy
                0x0010601c                FT_Outline_Done_Internal
                0x001060c4                FT_Outline_Done
                0x00106180                FT_Outline_Get_CBox
                0x0010621c                FT_Outline_Translate
                0x00106270                FT_Outline_Reverse
                0x0010633c                FT_Outline_Render
                0x0010640c                FT_Outline_Get_Bitmap
                0x001064e8                FT_Vector_Transform
                0x00106590                FT_Outline_Transform
                0x00106d34                FT_Load_Glyph
                0x00106d54                FT_Get_Advances
                0x00106f24                FT_Load_Char
                0x00106f88                FT_Get_Advance
                0x001071e4                FT_Outline_Get_Orientation
                0x0010732c                FT_Outline_EmboldenXY
                0x001076cc                FT_Outline_Embolden
                0x001076d4                FT_Raccess_Guess
                0x001077e0                FT_Get_Sfnt_Name_Count
                0x00107804                FT_Stream_OpenMemory
                0x0010781c                FT_Stream_Close
                0x00107834                FT_Stream_Seek
                0x00107880                FT_Stream_Skip
                0x001078e4                FT_Stream_Pos
                0x001078ec                FT_Stream_Read
                0x00107970                FT_Stream_ReadAt
                0x001079ec                FT_Stream_TryRead
                0x00107a5c                FT_Stream_ExtractFrame
                0x00107b84                FT_Stream_ReleaseFrame
                0x00107bc4                FT_Stream_EnterFrame
                0x00107cf0                FT_Stream_ExitFrame
                0x00107d34                FT_Stream_GetChar
                0x00107d58                FT_Stream_GetUShort
                0x00107d88                FT_Stream_GetUShortLE
                0x00107db8                FT_Stream_GetUOffset
                0x00107df4                FT_Stream_GetULong
                0x00107e38                FT_Stream_GetULongLE
                0x00107e78                FT_Stream_ReadChar
                0x00107f08                FT_Stream_ReadUShort
                0x00107fa0                FT_Raccess_Get_HeaderInfo
                0x001083e4                FT_Stream_ReadUShortLE
                0x0010847c                FT_Stream_ReadUOffset
                0x0010851c                FT_Stream_ReadULong
                0x00108fd4                FT_Stream_ReadULongLE
                0x0010907c                FT_Stream_ReadFields
                0x001092ec                FT_Cos
                0x001093b4                FT_Sin
                0x0010947c                FT_Tan
                0x00109550                FT_Atan2
                0x001095b8                FT_Vector_Unit
                0x00109698                FT_Vector_Rotate
                0x001098d0                FT_Vector_Length
                0x00109a10                FT_Vector_Polarize
                0x00109b54                FT_Vector_From_Polar
                0x00109d74                FT_Angle_Diff
                0x00109db0                ft_mem_alloc
                0x00109f3c                FT_Add_Module
                0x0010a24c                FT_GlyphLoader_CreateExtra
                0x0010a330                ft_mem_qalloc
                0x0010a374                ft_mem_realloc
                0x0010a4a8                FT_GlyphLoader_CheckPoints
                0x0010a6c8                FT_GlyphLoader_CopyPoints
                0x0010a828                FT_GlyphLoader_CheckSubGlyphs
                0x0010a8b0                FT_CMap_Done
                0x0010a9d8                FT_CMap_New
                0x0010ab08                FT_Outline_New_Internal
                0x0010ac38                FT_Raccess_Get_DataOffsets
                0x0010b834                FT_Open_Face
                0x0010c130                FT_New_Face
                0x0010c170                FT_New_Memory_Face
                0x0010c6f0                FT_Get_Sfnt_Name
                0x0010c864                FT_Outline_New
                0x0010c9a0                ft_mem_qrealloc
                0x0010caa8                ft_mem_free
                0x0010cab8                ft_mem_dup
                0x0010cb24                ft_mem_strdup
                0x0010cbb0                ft_mem_strcpyn
                0x0010cc14                FT_List_Find
                0x0010cc58                FT_List_Add
                0x0010cc8c                FT_List_Insert
                0x0010ccc0                FT_List_Remove
                0x0010ccf0                FT_List_Up
                0x0010cd34                FT_List_Iterate
                0x0010cd88                FT_List_Finalize
 .text          0x0010ce18     0xb8e0 c:/devkitPro/portlibs/armv6k/lib\libfreetype.a(truetype.o)
                0x001133d0                TT_RunIns
                0x00117520                TT_New_Context
 .text          0x001186f8     0x5c04 c:/devkitPro/portlibs/armv6k/lib\libfreetype.a(type1.o)
 .text          0x0011e2fc     0xe09c c:/devkitPro/portlibs/armv6k/lib\libfreetype.a(cff.o)
 .text          0x0012c398     0x1c74 c:/devkitPro/portlibs/armv6k/lib\libfreetype.a(type1cid.o)
 .text          0x0012e00c     0x3348 c:/devkitPro/portlibs/armv6k/lib\libfreetype.a(pfr.o)
 .text          0x00131354     0x1e34 c:/devkitPro/portlibs/armv6k/lib\libfreetype.a(type42.o)
 .text          0x00133188     0x10e0 c:/devkitPro/portlibs/armv6k/lib\libfreetype.a(winfnt.o)
 .text          0x00134268     0x2168 c:/devkitPro/portlibs/armv6k/lib\libfreetype.a(pcf.o)
 .text          0x001363d0     0x5794 c:/devkitPro/portlibs/armv6k/lib\libfreetype.a(bdf.o)
 .text          0x0013bb64     0x9fb8 c:/devkitPro/portlibs/armv6k/lib\libfreetype.a(sfnt.o)
 .text          0x00145b1c     0x7bdc c:/devkitPro/portlibs/armv6k/lib\libfreetype.a(autofit.o)
                0x0014d6b4                af_get_coverage
                0x0014d6bc                af_get_char_index
 .text          0x0014d6f8     0x466c c:/devkitPro/portlibs/armv6k/lib\libfreetype.a(pshinter.o)
                0x0014f550                ps_hints_apply
 .text          0x00151d64      0xc78 c:/devkitPro/portlibs/armv6k/lib\libfreetype.a(raster.o)
 .text          0x001529dc     0x25bc c:/devkitPro/portlibs/armv6k/lib\libfreetype.a(smooth.o)
 .text          0x00154f98     0x3c4c c:/devkitPro/portlibs/armv6k/lib\libfreetype.a(ftcache.o)
                0x00156ebc                FTC_Manager_LookupSize
                0x00157010                FTC_Manager_LookupFace
                0x001570d8                FTC_Manager_New
                0x001571e0                FTC_Manager_Done
                0x00157344                FTC_Manager_Reset
                0x00157498                FTC_Manager_RemoveFaceID
                0x0015774c                FTC_Node_Unref
                0x00157774                FTC_CMapCache_New
                0x00157870                FTC_CMapCache_Lookup
                0x00157b24                FTC_ImageCache_New
                0x00157c20                FTC_ImageCache_Lookup
                0x00157f50                FTC_ImageCache_LookupScaler
                0x00158318                FTC_SBitCache_New
                0x00158414                FTC_SBitCache_Lookup
                0x001587bc                FTC_SBitCache_LookupScaler
 .text          0x00158be4      0x994 c:/devkitPro/portlibs/armv6k/lib\libfreetype.a(ftgzip.o)
                0x00158ef0                FT_Stream_OpenGzip
                0x00159478                FT_Gzip_Uncompress
 .text          0x00159578     0x1b3c c:/devkitPro/portlibs/armv6k/lib\libfreetype.a(ftlzw.o)
                0x0015a6f8                FT_Stream_OpenLZW
                0x0015a8e4                ft_lzwstate_reset
                0x0015a910                ft_lzwstate_init
                0x0015a97c                ft_lzwstate_done
                0x0015a9ec                ft_lzwstate_io
 .text          0x0015b0b4     0x61dc c:/devkitPro/portlibs/armv6k/lib\libfreetype.a(psaux.o)
 .text          0x00161290      0xa7c c:/devkitPro/portlibs/armv6k/lib\libfreetype.a(psnames.o)
 .text          0x00161d0c      0x198 c:/devkitPro/portlibs/armv6k/lib\libfreetype.a(ftsystem.o)
                0x00161da8                FT_Stream_Open
                0x00161e5c                FT_New_Memory
                0x00161ea0                FT_Done_Memory
 .text          0x00161ea4     0x102c c:/devkitPro/portlibs/armv6k/lib\libfreetype.a(ftbitmap.o)
                0x00161ea4                FT_Bitmap_Init
                0x00161ecc                FT_Bitmap_New
                0x00161ef4                FT_Bitmap_Copy
                0x001620a0                FT_Bitmap_Convert
                0x00162588                FT_Bitmap_Embolden
                0x00162c84                FT_GlyphSlot_Own_Bitmap
                0x00162e7c                FT_Bitmap_Done
 .text          0x00162ed0      0x828 c:/devkitPro/portlibs/armv6k/lib\libfreetype.a(ftglyph.o)
                0x001630e0                FT_Glyph_Copy
                0x001631d4                FT_Get_Glyph
                0x001632fc                FT_Glyph_Transform
                0x00163360                FT_Glyph_Get_CBox
                0x00163404                FT_Done_Glyph
                0x00163438                FT_Glyph_To_Bitmap
 .text          0x001636f8     0x2c20 c:/devkitPro/portlibs/armv6k/lib\libz.a(inflate.o)
                0x001636f8                inflateResetKeep
                0x00163788                inflateReset
                0x00163824                inflateReset2
                0x00163944                inflateInit2_
                0x00163ac8                inflateInit_
                0x00163bec                inflatePrime
                0x00163c64                inflate
                0x00165b28                inflateEnd
                0x00165b8c                inflateGetDictionary
                0x00165c24                inflateSetDictionary
                0x00165dc4                inflateGetHeader
                0x00165e00                inflateSync
                0x001660b8                inflateSyncPoint
                0x001660f8                inflateCopy
                0x00166290                inflateUndermine
                0x001662c0                inflateMark
 .text          0x00166318      0xb70 c:/devkitPro/portlibs/armv6k/lib\libz.a(inftrees.o)
                0x00166318                inflate_table
 .text          0x00166e88       0x38 c:/devkitPro/portlibs/armv6k/lib\libz.a(zutil.o)
                0x00166e88                zlibVersion
                0x00166e94                zlibCompileFlags
                0x00166e9c                zError
                0x00166eb0                zcalloc
                0x00166eb8                zcfree
 .text          0x00166ec0      0x5c0 c:/devkitPro/portlibs/armv6k/lib\libz.a(adler32.o)
                0x00166ec0                adler32
                0x00167308                adler32_combine
                0x001673c4                adler32_combine64
 .text          0x00167480      0x5d8 c:/devkitPro/portlibs/armv6k/lib\libz.a(crc32.o)
                0x00167694                get_crc_table
                0x001676a0                crc32
                0x00167a50                crc32_combine
                0x00167a54                crc32_combine64
 .text          0x00167a58      0xc34 c:/devkitPro/portlibs/armv6k/lib\libz.a(inffast.o)
                0x00167a58                inflate_fast
 .text          0x0016868c       0x64 c:/devkitPro/libctru/lib\libctru.a(stack_adjust.o)
                0x0016868c                initSystem
                0x001686d0                __ctru_exit
 .text          0x001686f0      0x20c c:/devkitpro/devkitarm/bin/../lib/gcc/arm-none-eabi/5.3.0/armv6k/fpu\libgcc.a(_udivsi3.o)
                0x001686f0                __aeabi_uidiv
                0x001686f0                __udivsi3
                0x001688dc                __aeabi_uidivmod
 .text          0x001688fc      0x240 c:/devkitpro/devkitarm/bin/../lib/gcc/arm-none-eabi/5.3.0/armv6k/fpu\libgcc.a(_divsi3.o)
                0x001688fc                __divsi3
                0x001688fc                __aeabi_idiv
                0x00168b1c                __aeabi_idivmod
 .text          0x00168b3c        0x4 c:/devkitpro/devkitarm/bin/../lib/gcc/arm-none-eabi/5.3.0/armv6k/fpu\libgcc.a(_dvmd_tls.o)
                0x00168b3c                __aeabi_idiv0
                0x00168b3c                __aeabi_ldiv0
 .text          0x00168b40      0x250 c:/devkitpro/devkitarm/bin/../lib/gcc/arm-none-eabi/5.3.0/armv6k/fpu\libgcc.a(_arm_addsubsf3.o)
                0x00168b40                __aeabi_frsub
                0x00168b48                __subsf3
                0x00168b48                __aeabi_fsub
                0x00168b4c                __aeabi_fadd
                0x00168b4c                __addsf3
                0x00168cdc                __aeabi_ui2f
                0x00168cdc                __floatunsisf
                0x00168ce4                __aeabi_i2f
                0x00168ce4                __floatsisf
                0x00168d04                __aeabi_ul2f
                0x00168d04                __floatundisf
                0x00168d14                __aeabi_l2f
                0x00168d14                __floatdisf
 .text          0x00168d90       0x3c c:/devkitpro/devkitarm/bin/../lib/gcc/arm-none-eabi/5.3.0/armv6k/fpu\libgcc.a(_aeabi_uldivmod.o)
                0x00168d90                __aeabi_uldivmod
 .text          0x00168dcc      0x128 c:/devkitpro/devkitarm/bin/../lib/gcc/arm-none-eabi/5.3.0/armv6k/fpu\libgcc.a(_udivmoddi4.o)
                0x00168dcc                __udivmoddi4
 .text          0x00168ef4       0x2c c:/devkitpro/devkitarm/bin/../lib/gcc/arm-none-eabi/5.3.0/../../../../arm-none-eabi/lib/armv6k/fpu\libg.a(lib_a-setjmp.o)
                0x00168ef4                setjmp
                0x00168f08                longjmp
 .text          0x00168f20      0x3a0 c:/devkitpro/devkitarm/bin/../lib/gcc/arm-none-eabi/5.3.0/../../../../arm-none-eabi/lib/armv6k/fpu\libg.a(lib_a-strcmp.o)
                0x00168f28                strcmp
 .text          0x001692c0      0x1c4 c:/devkitpro/devkitarm/bin/../lib/gcc/arm-none-eabi/5.3.0/../../../../arm-none-eabi/lib/armv6k/fpu\libsysbase.a(iosupport.o)
                0x001692c8                setDefaultDevice
                0x001692e0                FindDevice
                0x0016939c                RemoveDevice
                0x001693c8                AddDevice
                0x00169460                GetDeviceOpTab
 .text          0x00169484       0x7c c:/devkitpro/devkitarm/bin/../lib/gcc/arm-none-eabi/5.3.0/../../../../arm-none-eabi/lib/armv6k/fpu\libsysbase.a(close.o)
                0x00169484                _close_r
 .text          0x00169500       0x6c c:/devkitpro/devkitarm/bin/../lib/gcc/arm-none-eabi/5.3.0/../../../../arm-none-eabi/lib/armv6k/fpu\libsysbase.a(fstat.o)
                0x00169500                _fstat_r
 .text          0x0016956c        0x8 c:/devkitpro/devkitarm/bin/../lib/gcc/arm-none-eabi/5.3.0/../../../../arm-none-eabi/lib/armv6k/fpu\libsysbase.a(isatty.o)
                0x0016956c                _isatty_r
 .text          0x00169574       0x78 c:/devkitpro/devkitarm/bin/../lib/gcc/arm-none-eabi/5.3.0/../../../../arm-none-eabi/lib/armv6k/fpu\libsysbase.a(lseek.o)
                0x00169574                _lseek_r
 .text          0x001695ec       0xc8 c:/devkitpro/devkitarm/bin/../lib/gcc/arm-none-eabi/5.3.0/../../../../arm-none-eabi/lib/armv6k/fpu\libsysbase.a(open.o)
                0x001695ec                _open_r
 .text          0x001696b4       0x78 c:/devkitpro/devkitarm/bin/../lib/gcc/arm-none-eabi/5.3.0/../../../../arm-none-eabi/lib/armv6k/fpu\libsysbase.a(read.o)
                0x001696b4                _read_r
 .text          0x0016972c       0x70 c:/devkitpro/devkitarm/bin/../lib/gcc/arm-none-eabi/5.3.0/../../../../arm-none-eabi/lib/armv6k/fpu\libsysbase.a(sbrk.o)
                0x0016972c                _sbrk_r
 .text          0x0016979c       0x78 c:/devkitpro/devkitarm/bin/../lib/gcc/arm-none-eabi/5.3.0/../../../../arm-none-eabi/lib/armv6k/fpu\libsysbase.a(write.o)
                0x0016979c                _write_r
 .text          0x00169814      0x3b0 c:/devkitpro/devkitarm/bin/../lib/gcc/arm-none-eabi/5.3.0/../../../../arm-none-eabi/lib/armv6k/fpu\libsysbase.a(chdir.o)
                0x00169814                _concatenate_path
                0x001699d0                chdir
                0x00169b24                getcwd
 .text          0x00169bc4       0x10 c:/devkitpro/devkitarm/bin/../lib/gcc/arm-none-eabi/5.3.0/../../../../arm-none-eabi/lib/armv6k/fpu\libsysbase.a(flock.o)
                0x00169bc4                __flockfile
                0x00169bcc                __funlockfile
 .text          0x00169bd4      0x108 c:/devkitpro/devkitarm/bin/../lib/gcc/arm-none-eabi/5.3.0/../../../../arm-none-eabi/lib/armv6k/fpu\libsysbase.a(syscall_support.o)
                0x00169bd4                __libc_lock_init
                0x00169bec                __libc_lock_acquire
                0x00169c04                __libc_lock_try_acquire
                0x00169c28                __libc_lock_release
                0x00169c40                __libc_lock_close
                0x00169c58                __libc_lock_init_recursive
                0x00169c70                __libc_lock_acquire_recursive
                0x00169c88                __libc_lock_try_acquire_recursive
                0x00169cac                __libc_lock_release_recursive
                0x00169cc4                __libc_lock_close_recursive
 .text          0x00169cdc      0x2c4 c:/devkitpro/devkitarm/bin/../lib/gcc/arm-none-eabi/5.3.0/../../../../arm-none-eabi/lib/armv6k/fpu\libsysbase.a(handle_manager.o)
                0x00169cdc                __free_handle
                0x00169d20                __release_handle
                0x00169d5c                __alloc_handle
                0x00169dd4                __get_handle
                0x00169df0                dup
                0x00169e94                dup2
 .text          0x00169fa0       0x28 c:/devkitpro/devkitarm/bin/../lib/gcc/arm-none-eabi/5.3.0/../../../../arm-none-eabi/lib/armv6k/fpu\libsysbase.a(getreent.o)
                0x00169fa0                __getreent
 *(.text.*)
 .text._ZNSt23mersenne_twister_engineIjLj32ELj624ELj397ELj31ELj2567483615ELj11ELj4294967295ELj7ELj2636928640ELj15ELj4022730752ELj18ELj1812433253EEclEv
                0x00169fc8      0x130 Galaxy.o
                0x00169fc8                std::mersenne_twister_engine<unsigned int, 32u, 624u, 397u, 31u, 2567483615u, 11u, 4294967295u, 7u, 2636928640u, 15u, 4022730752u, 18u, 1812433253u>::operator()()
 .text.startup  0x0016a0f8      0x15c Program.o
                0x0016a0f8                main
 .text.atlas_add_glyph
                0x0016a254      0x11c c:/devkitPro/libctru/lib\libsftd.a(sftd.o)
 .text.ftc_face_requester
                0x0016a370       0x54 c:/devkitPro/libctru/lib\libsftd.a(sftd.o)
 .text.sftd_init
                0x0016a3c4       0x40 c:/devkitPro/libctru/lib\libsftd.a(sftd.o)
                0x0016a3c4                sftd_init
 .text.sftd_fini
                0x0016a404       0x44 c:/devkitPro/libctru/lib\libsftd.a(sftd.o)
                0x0016a404                sftd_fini
 .text.sftd_load_font_mem
                0x0016a448       0xc4 c:/devkitPro/libctru/lib\libsftd.a(sftd.o)
                0x0016a448                sftd_load_font_mem
 .text.sftd_free_font
                0x0016a50c       0x50 c:/devkitPro/libctru/lib\libsftd.a(sftd.o)
                0x0016a50c                sftd_free_font
 .text.sftd_draw_text
                0x0016a55c      0x258 c:/devkitPro/libctru/lib\libsftd.a(sftd.o)
                0x0016a55c                sftd_draw_text
 .text.texture_atlas_create
                0x0016a7b4       0x88 c:/devkitPro/libctru/lib\libsftd.a(texture_atlas.o)
                0x0016a7b4                texture_atlas_create
 .text.texture_atlas_free
                0x0016a83c       0x2c c:/devkitPro/libctru/lib\libsftd.a(texture_atlas.o)
                0x0016a83c                texture_atlas_free
 .text.texture_atlas_insert
                0x0016a868      0x114 c:/devkitPro/libctru/lib\libsftd.a(texture_atlas.o)
                0x0016a868                texture_atlas_insert
 .text.texture_atlas_exists
                0x0016a97c       0x18 c:/devkitPro/libctru/lib\libsftd.a(texture_atlas.o)
                0x0016a97c                texture_atlas_exists
 .text.texture_atlas_get
                0x0016a994       0x70 c:/devkitPro/libctru/lib\libsftd.a(texture_atlas.o)
                0x0016a994                texture_atlas_get
 .text.bp2d_create
                0x0016aa04       0x4c c:/devkitPro/libctru/lib\libsftd.a(bin_packing_2d.o)
                0x0016aa04                bp2d_create
 .text.bp2d_free
                0x0016aa50       0x34 c:/devkitPro/libctru/lib\libsftd.a(bin_packing_2d.o)
                0x0016aa50                bp2d_free
 .text.bp2d_insert
                0x0016aa84      0x15c c:/devkitPro/libctru/lib\libsftd.a(bin_packing_2d.o)
                0x0016aa84                bp2d_insert
 .text.int_htab_create
                0x0016abe0       0x3c c:/devkitPro/libctru/lib\libsftd.a(int_htab.o)
                0x0016abe0                int_htab_create
 .text.int_htab_free
                0x0016ac1c       0x4c c:/devkitPro/libctru/lib\libsftd.a(int_htab.o)
                0x0016ac1c                int_htab_free
 .text.int_htab_insert
                0x0016ac68       0xf8 c:/devkitPro/libctru/lib\libsftd.a(int_htab.o)
                0x0016ac68                int_htab_insert
 .text.int_htab_resize
                0x0016ad60       0x68 c:/devkitPro/libctru/lib\libsftd.a(int_htab.o)
                0x0016ad60                int_htab_resize
 .text.int_htab_find
                0x0016adc8       0xa0 c:/devkitPro/libctru/lib\libsftd.a(int_htab.o)
                0x0016adc8                int_htab_find
 .text.unlikely
                0x0016ae68      0x3dc c:/devkitPro/portlibs/armv6k/lib\libfreetype.a(truetype.o)
 .text.unlikely
                0x0016b244      0x8e8 c:/devkitPro/portlibs/armv6k/lib\libfreetype.a(cff.o)
 .text.unlikely
                0x0016bb2c       0x30 c:/devkitPro/portlibs/armv6k/lib\libfreetype.a(type42.o)
 .text.unlikely
                0x0016bb5c      0xfac c:/devkitPro/portlibs/armv6k/lib\libfreetype.a(autofit.o)
 .text.unlikely
                0x0016cb08     0x17dc c:/devkitPro/portlibs/armv6k/lib\libfreetype.a(raster.o)
 .text.sf2d_fini
                0x0016e2e4       0x48 c:/devkitPro/libctru/lib\libsf2d.a(sf2d.o)
                0x0016e2e4                sf2d_fini
 .text.sf2d_set_3D
                0x0016e32c        0xc c:/devkitPro/libctru/lib\libsf2d.a(sf2d.o)
                0x0016e32c                sf2d_set_3D
 .text.sf2d_start_frame_target
                0x0016e338       0x9c c:/devkitPro/libctru/lib\libsf2d.a(sf2d.o)
                0x0016e338                sf2d_start_frame_target
 .text.sf2d_start_frame
                0x0016e3d4       0x38 c:/devkitPro/libctru/lib\libsf2d.a(sf2d.o)
                0x0016e3d4                sf2d_start_frame
 .text.sf2d_end_frame
                0x0016e40c        0x4 c:/devkitPro/libctru/lib\libsf2d.a(sf2d.o)
                0x0016e40c                sf2d_end_frame
 .text.sf2d_swapbuffers
                0x0016e410       0xb0 c:/devkitPro/libctru/lib\libsf2d.a(sf2d.o)
                0x0016e410                sf2d_swapbuffers
 .text.sf2d_pool_memalign
                0x0016e4c0       0x40 c:/devkitPro/libctru/lib\libsf2d.a(sf2d.o)
                0x0016e4c0                sf2d_pool_memalign
 .text.sf2d_set_clear_color
                0x0016e500       0x38 c:/devkitPro/libctru/lib\libsf2d.a(sf2d.o)
                0x0016e500                sf2d_set_clear_color
 .text.sf2d_init_advanced.part.0
                0x0016e538      0x1ac c:/devkitPro/libctru/lib\libsf2d.a(sf2d.o)
 .text.sf2d_init
                0x0016e6e4       0x28 c:/devkitPro/libctru/lib\libsf2d.a(sf2d.o)
                0x0016e6e4                sf2d_init
 .text.sf2d_create_texture
                0x0016e70c      0x114 c:/devkitPro/libctru/lib\libsf2d.a(sf2d_texture.o)
                0x0016e70c                sf2d_create_texture
 .text.sf2d_create_rendertarget
                0x0016e820       0x98 c:/devkitPro/libctru/lib\libsf2d.a(sf2d_texture.o)
                0x0016e820                sf2d_create_rendertarget
 .text.sf2d_free_texture
                0x0016e8b8       0x20 c:/devkitPro/libctru/lib\libsf2d.a(sf2d_texture.o)
                0x0016e8b8                sf2d_free_texture
 .text.sf2d_clear_target
                0x0016e8d8       0x14 c:/devkitPro/libctru/lib\libsf2d.a(sf2d_texture.o)
                0x0016e8d8                sf2d_clear_target
 .text.sf2d_bind_texture_color
                0x0016e8ec       0x60 c:/devkitPro/libctru/lib\libsf2d.a(sf2d_texture.o)
                0x0016e8ec                sf2d_bind_texture_color
 .text.sf2d_texture_set_params
                0x0016e94c        0x8 c:/devkitPro/libctru/lib\libsf2d.a(sf2d_texture.o)
                0x0016e94c                sf2d_texture_set_params
 .text.sf2d_draw_texture_part_scale_blend
                0x0016e954      0x16c c:/devkitPro/libctru/lib\libsf2d.a(sf2d_texture.o)
                0x0016e954                sf2d_draw_texture_part_scale_blend
 .text.sf2d_set_pixel
                0x0016eac0       0x8c c:/devkitPro/libctru/lib\libsf2d.a(sf2d_texture.o)
                0x0016eac0                sf2d_set_pixel
 .text.sf2d_texture_tile32
                0x0016eb4c      0x114 c:/devkitPro/libctru/lib\libsf2d.a(sf2d_texture.o)
                0x0016eb4c                sf2d_texture_tile32
 .text.AttrInfo_Init
                0x0016ec60       0x28 c:/devkitPro/libctru/lib\libcitro3d.a(attribs.o)
                0x0016ec60                AttrInfo_Init
 .text.AttrInfo_AddLoader
                0x0016ec88       0xa4 c:/devkitPro/libctru/lib\libcitro3d.a(attribs.o)
                0x0016ec88                AttrInfo_AddLoader
 .text.C3D_GetAttrInfo
                0x0016ed2c       0x24 c:/devkitPro/libctru/lib\libcitro3d.a(attribs.o)
                0x0016ed2c                C3D_GetAttrInfo
 .text.C3Di_AttrInfoBind
                0x0016ed50       0x80 c:/devkitPro/libctru/lib\libcitro3d.a(attribs.o)
                0x0016ed50                C3Di_AttrInfoBind
 .text.C3Di_AptEventHook
                0x0016edd0       0x88 c:/devkitPro/libctru/lib\libcitro3d.a(base.o)
 .text.C3D_Init
                0x0016ee58      0x168 c:/devkitPro/libctru/lib\libcitro3d.a(base.o)
                0x0016ee58                C3D_Init
 .text.C3D_SetViewport
                0x0016efc0       0x98 c:/devkitPro/libctru/lib\libcitro3d.a(base.o)
                0x0016efc0                C3D_SetViewport
 .text.C3Di_UpdateContext
                0x0016f058      0x580 c:/devkitPro/libctru/lib\libcitro3d.a(base.o)
                0x0016f058                C3Di_UpdateContext
 .text.C3Di_FinalizeFrame
                0x0016f5d8       0xe0 c:/devkitPro/libctru/lib\libcitro3d.a(base.o)
                0x0016f5d8                C3Di_FinalizeFrame
 .text.C3D_Fini
                0x0016f6b8       0x48 c:/devkitPro/libctru/lib\libcitro3d.a(base.o)
                0x0016f6b8                C3D_Fini
 .text.C3D_BindProgram
                0x0016f700       0xd4 c:/devkitPro/libctru/lib\libcitro3d.a(base.o)
                0x0016f700                C3D_BindProgram
 .text.BufInfo_Init
                0x0016f7d4       0x20 c:/devkitPro/libctru/lib\libcitro3d.a(buffers.o)
                0x0016f7d4                BufInfo_Init
 .text.BufInfo_Add
                0x0016f7f4       0x84 c:/devkitPro/libctru/lib\libcitro3d.a(buffers.o)
                0x0016f7f4                BufInfo_Add
 .text.C3D_GetBufInfo
                0x0016f878       0x24 c:/devkitPro/libctru/lib\libcitro3d.a(buffers.o)
                0x0016f878                C3D_GetBufInfo
 .text.C3Di_BufInfoBind
                0x0016f89c       0x48 c:/devkitPro/libctru/lib\libcitro3d.a(buffers.o)
                0x0016f89c                C3Di_BufInfoBind
 .text.C3D_DrawArrays
                0x0016f8e4      0x148 c:/devkitPro/libctru/lib\libcitro3d.a(drawArrays.o)
                0x0016f8e4                C3D_DrawArrays
 .text.C3D_DepthMap
                0x0016fa2c       0x3c c:/devkitPro/libctru/lib\libcitro3d.a(effect.o)
                0x0016fa2c                C3D_DepthMap
 .text.C3D_CullFace
                0x0016fa68       0x1c c:/devkitPro/libctru/lib\libcitro3d.a(effect.o)
                0x0016fa68                C3D_CullFace
 .text.C3D_StencilTest
                0x0016fa84       0x3c c:/devkitPro/libctru/lib\libcitro3d.a(effect.o)
                0x0016fa84                C3D_StencilTest
 .text.C3D_StencilOp
                0x0016fac0       0x24 c:/devkitPro/libctru/lib\libcitro3d.a(effect.o)
                0x0016fac0                C3D_StencilOp
 .text.C3D_BlendingColor
                0x0016fae4       0x1c c:/devkitPro/libctru/lib\libcitro3d.a(effect.o)
                0x0016fae4                C3D_BlendingColor
 .text.C3D_DepthTest
                0x0016fb00       0x28 c:/devkitPro/libctru/lib\libcitro3d.a(effect.o)
                0x0016fb00                C3D_DepthTest
 .text.C3D_AlphaTest
                0x0016fb28       0x28 c:/devkitPro/libctru/lib\libcitro3d.a(effect.o)
                0x0016fb28                C3D_AlphaTest
 .text.C3D_AlphaBlend
                0x0016fb50       0x50 c:/devkitPro/libctru/lib\libcitro3d.a(effect.o)
                0x0016fb50                C3D_AlphaBlend
 .text.C3D_FragOpMode
                0x0016fba0       0x30 c:/devkitPro/libctru/lib\libcitro3d.a(effect.o)
                0x0016fba0                C3D_FragOpMode
 .text.C3Di_EffectBind
                0x0016fbd0      0x11c c:/devkitPro/libctru/lib\libcitro3d.a(effect.o)
                0x0016fbd0                C3Di_EffectBind
 .text.C3D_ImmSendAttrib
                0x0016fcec       0xb4 c:/devkitPro/libctru/lib\libcitro3d.a(immediate.o)
                0x0016fcec                C3D_ImmSendAttrib
 .text.C3D_RenderBufInit
                0x0016fda0       0xa4 c:/devkitPro/libctru/lib\libcitro3d.a(renderbuffer.o)
                0x0016fda0                C3D_RenderBufInit
 .text.C3D_RenderBufClearAsync
                0x0016fe44       0x80 c:/devkitPro/libctru/lib\libcitro3d.a(renderbuffer.o)
                0x0016fe44                C3D_RenderBufClearAsync
 .text.C3D_RenderBufTransferAsync
                0x0016fec4       0x28 c:/devkitPro/libctru/lib\libcitro3d.a(renderbuffer.o)
                0x0016fec4                C3D_RenderBufTransferAsync
 .text.C3D_RenderBufBind
                0x0016feec       0x38 c:/devkitPro/libctru/lib\libcitro3d.a(renderbuffer.o)
                0x0016feec                C3D_RenderBufBind
 .text.C3Di_RenderBufBind
                0x0016ff24      0x168 c:/devkitPro/libctru/lib\libcitro3d.a(renderbuffer.o)
                0x0016ff24                C3Di_RenderBufBind
 .text.C3D_RenderBufDelete
                0x0017008c       0x18 c:/devkitPro/libctru/lib\libcitro3d.a(renderbuffer.o)
                0x0017008c                C3D_RenderBufDelete
 .text.C3Di_RenderQueueWaitDone
                0x001700a4       0x40 c:/devkitPro/libctru/lib\libcitro3d.a(renderqueue.o)
 .text.performTransfer.part.0
                0x001700e4       0x78 c:/devkitPro/libctru/lib\libcitro3d.a(renderqueue.o)
 .text.transferTarget
                0x0017015c       0x50 c:/devkitPro/libctru/lib\libcitro3d.a(renderqueue.o)
 .text.onVBlank1
                0x001701ac       0x24 c:/devkitPro/libctru/lib\libcitro3d.a(renderqueue.o)
 .text.onVBlank0
                0x001701d0       0x8c c:/devkitPro/libctru/lib\libcitro3d.a(renderqueue.o)
 .text.performClear.part.2
                0x0017025c       0x3c c:/devkitPro/libctru/lib\libcitro3d.a(renderqueue.o)
 .text.clearTarget
                0x00170298       0x4c c:/devkitPro/libctru/lib\libcitro3d.a(renderqueue.o)
 .text.updateFrameQueue.part.4
                0x001702e4       0xc0 c:/devkitPro/libctru/lib\libcitro3d.a(renderqueue.o)
 .text.onRenderFinish
                0x001703a4       0xe0 c:/devkitPro/libctru/lib\libcitro3d.a(renderqueue.o)
 .text.onClearDone.part.6
                0x00170484       0x18 c:/devkitPro/libctru/lib\libcitro3d.a(renderqueue.o)
 .text.onTransferFinish
                0x0017049c       0xb0 c:/devkitPro/libctru/lib\libcitro3d.a(renderqueue.o)
 .text.onClearDone
                0x0017054c       0x64 c:/devkitPro/libctru/lib\libcitro3d.a(renderqueue.o)
 .text.checkRenderQueueInit.part.7
                0x001705b0       0x5c c:/devkitPro/libctru/lib\libcitro3d.a(renderqueue.o)
 .text.C3D_FrameBegin
                0x0017060c       0x64 c:/devkitPro/libctru/lib\libcitro3d.a(renderqueue.o)
                0x0017060c                C3D_FrameBegin
 .text.C3D_FrameDrawOn
                0x00170670       0x78 c:/devkitPro/libctru/lib\libcitro3d.a(renderqueue.o)
                0x00170670                C3D_FrameDrawOn
 .text.C3D_FrameEnd
                0x001706e8       0xd0 c:/devkitPro/libctru/lib\libcitro3d.a(renderqueue.o)
                0x001706e8                C3D_FrameEnd
 .text.C3D_RenderTargetCreate
                0x001707b8       0xe0 c:/devkitPro/libctru/lib\libcitro3d.a(renderqueue.o)
                0x001707b8                C3D_RenderTargetCreate
 .text.C3D_RenderTargetDelete
                0x00170898       0x7c c:/devkitPro/libctru/lib\libcitro3d.a(renderqueue.o)
                0x00170898                C3D_RenderTargetDelete
 .text.C3Di_RenderQueueExit
                0x00170914       0x84 c:/devkitPro/libctru/lib\libcitro3d.a(renderqueue.o)
 .text.C3D_RenderTargetSetClear
                0x00170998       0x50 c:/devkitPro/libctru/lib\libcitro3d.a(renderqueue.o)
                0x00170998                C3D_RenderTargetSetClear
 .text.C3D_RenderTargetSetOutput
                0x001709e8       0x58 c:/devkitPro/libctru/lib\libcitro3d.a(renderqueue.o)
                0x001709e8                C3D_RenderTargetSetOutput
 .text.TexEnv_Init
                0x00170a40       0x34 c:/devkitPro/libctru/lib\libcitro3d.a(texenv.o)
                0x00170a40                TexEnv_Init
 .text.C3D_GetTexEnv
                0x00170a74       0x34 c:/devkitPro/libctru/lib\libcitro3d.a(texenv.o)
                0x00170a74                C3D_GetTexEnv
 .text.C3Di_TexEnvBind
                0x00170aa8       0x24 c:/devkitPro/libctru/lib\libcitro3d.a(texenv.o)
                0x00170aa8                C3Di_TexEnvBind
 .text.C3D_TexInit
                0x00170acc       0xb8 c:/devkitPro/libctru/lib\libcitro3d.a(texture.o)
                0x00170acc                C3D_TexInit
 .text.C3D_TexInitVRAM
                0x00170b84       0xb8 c:/devkitPro/libctru/lib\libcitro3d.a(texture.o)
                0x00170b84                C3D_TexInitVRAM
 .text.C3D_TexSetWrap
                0x00170c3c       0x24 c:/devkitPro/libctru/lib\libcitro3d.a(texture.o)
                0x00170c3c                C3D_TexSetWrap
 .text.C3D_TexBind
                0x00170c60       0x34 c:/devkitPro/libctru/lib\libcitro3d.a(texture.o)
                0x00170c60                C3D_TexBind
 .text.C3D_TexDelete
                0x00170c94       0x3c c:/devkitPro/libctru/lib\libcitro3d.a(texture.o)
                0x00170c94                C3D_TexDelete
 .text.C3D_UpdateUniforms
                0x00170cd0      0x2ac c:/devkitPro/libctru/lib\libcitro3d.a(uniforms.o)
                0x00170cd0                C3D_UpdateUniforms
 .text.C3Di_DirtyUniforms
                0x00170f7c       0xc0 c:/devkitPro/libctru/lib\libcitro3d.a(uniforms.o)
                0x00170f7c                C3Di_DirtyUniforms
 .text.C3Di_LoadShaderUniforms
                0x0017103c       0xd4 c:/devkitPro/libctru/lib\libcitro3d.a(uniforms.o)
                0x0017103c                C3Di_LoadShaderUniforms
 .text.C3Di_ClearShaderUniforms
                0x00171110       0x28 c:/devkitPro/libctru/lib\libcitro3d.a(uniforms.o)
                0x00171110                C3Di_ClearShaderUniforms
 .text.Mtx_OrthoTilt
                0x00171138      0x104 c:/devkitPro/libctru/lib\libcitro3d.a(mtx_orthotilt.o)
                0x00171138                Mtx_OrthoTilt
 .text.Mtx_Identity
                0x0017123c       0x2c c:/devkitPro/libctru/lib\libcitro3d.a(mtx_identity.o)
                0x0017123c                Mtx_Identity
 .text.Mtx_Multiply
                0x00171268       0x70 c:/devkitPro/libctru/lib\libcitro3d.a(mtx_multiply.o)
                0x00171268                Mtx_Multiply
 .text._ZL21addrMapNodeComparatorPK11rbtree_nodeS1_
                0x001712d8       0x24 c:/devkitPro/libctru/lib\libctru.a(linear.o)
 .text._ZL21addrMapNodeDestructorP11rbtree_node
                0x001712fc        0x4 c:/devkitPro/libctru/lib\libctru.a(linear.o)
 .text.linearMemAlign
                0x00171300      0x140 c:/devkitPro/libctru/lib\libctru.a(linear.o)
                0x00171300                linearMemAlign
 .text.linearAlloc
                0x00171440        0x8 c:/devkitPro/libctru/lib\libctru.a(linear.o)
                0x00171440                linearAlloc
 .text.linearFree
                0x00171448       0x50 c:/devkitPro/libctru/lib\libctru.a(linear.o)
                0x00171448                linearFree
 .text._ZN7MemPool13CoalesceRightEP8MemBlock
                0x00171498       0xa0 c:/devkitPro/libctru/lib\libctru.a(mem_pool.o)
                0x00171498                MemPool::CoalesceRight(MemBlock*)
 .text._ZN7MemPool8AllocateER8MemChunkmi
                0x00171538      0x18c c:/devkitPro/libctru/lib\libctru.a(mem_pool.o)
                0x00171538                MemPool::Allocate(MemChunk&, unsigned long, int)
 .text._ZN7MemPool10DeallocateERK8MemChunk
                0x001716c4      0x104 c:/devkitPro/libctru/lib\libctru.a(mem_pool.o)
                0x001716c4                MemPool::Deallocate(MemChunk const&)
 .text._ZL21addrMapNodeComparatorPK11rbtree_nodeS1_
                0x001717c8       0x24 c:/devkitPro/libctru/lib\libctru.a(vram.o)
 .text._ZL21addrMapNodeDestructorP11rbtree_node
                0x001717ec        0x4 c:/devkitPro/libctru/lib\libctru.a(vram.o)
 .text.vramMemAlign
                0x001717f0      0x130 c:/devkitPro/libctru/lib\libctru.a(vram.o)
                0x001717f0                vramMemAlign
 .text.vramAlloc
                0x00171920        0x8 c:/devkitPro/libctru/lib\libctru.a(vram.o)
                0x00171920                vramAlloc
 .text.vramFree
                0x00171928       0x50 c:/devkitPro/libctru/lib\libctru.a(vram.o)
                0x00171928                vramFree
 .text.gfxSetFramebufferInfo.part.0
                0x00171978       0x8c c:/devkitPro/libctru/lib\libctru.a(gfx.o)
 .text.gfxSet3D
                0x00171a04       0x10 c:/devkitPro/libctru/lib\libctru.a(gfx.o)
                0x00171a04                gfxSet3D
 .text.gfxIs3D  0x00171a14       0x10 c:/devkitPro/libctru/lib\libctru.a(gfx.o)
                0x00171a14                gfxIs3D
 .text.__get_bytes_per_pixel
                0x00171a24       0x18 c:/devkitPro/libctru/lib\libctru.a(gfx.o)
                0x00171a24                __get_bytes_per_pixel
 .text.gfxSetFramebufferInfo
                0x00171a3c       0x70 c:/devkitPro/libctru/lib\libctru.a(gfx.o)
                0x00171a3c                gfxSetFramebufferInfo
 .text.gfxWriteFramebufferInfo
                0x00171aac       0x88 c:/devkitPro/libctru/lib\libctru.a(gfx.o)
                0x00171aac                gfxWriteFramebufferInfo
 .text.gfxInit  0x00171b34      0x1d0 c:/devkitPro/libctru/lib\libctru.a(gfx.o)
                0x00171b34                gfxInit
 .text.gfxInitDefault
                0x00171d04       0x10 c:/devkitPro/libctru/lib\libctru.a(gfx.o)
                0x00171d04                gfxInitDefault
 .text.gfxExit  0x00171d14       0xe0 c:/devkitPro/libctru/lib\libctru.a(gfx.o)
                0x00171d14                gfxExit
 .text.gfxGetFramebuffer
                0x00171df4       0xb0 c:/devkitPro/libctru/lib\libctru.a(gfx.o)
                0x00171df4                gfxGetFramebuffer
 .text.gfxConfigScreen
                0x00171ea4       0x70 c:/devkitPro/libctru/lib\libctru.a(gfx.o)
                0x00171ea4                gfxConfigScreen
 .text.getSysTime
                0x00171f14       0x58 c:/devkitPro/libctru/lib\libctru.a(os.o)
 .text.osConvertVirtToPhys
                0x00171f6c       0x4c c:/devkitPro/libctru/lib\libctru.a(os.o)
                0x00171f6c                osConvertVirtToPhys
 .text.osGetMemRegionUsed
                0x00171fb8       0x24 c:/devkitPro/libctru/lib\libctru.a(os.o)
                0x00171fb8                osGetMemRegionUsed
 *fill*         0x00171fdc        0x4 
 .text.__libctru_gtod
                0x00171fe0       0xf8 c:/devkitPro/libctru/lib\libctru.a(os.o)
                0x00171fe0                __libctru_gtod
 .text.osGetTime
                0x001720d8       0x78 c:/devkitPro/libctru/lib\libctru.a(os.o)
                0x001720d8                osGetTime
 .text.__ctru_speedup_config
                0x00172150       0x34 c:/devkitPro/libctru/lib\libctru.a(os.o)
                0x00172150                __ctru_speedup_config
 .text.GPUCMD_SetBuffer
                0x00172184       0x2c c:/devkitPro/libctru/lib\libctru.a(gpu.o)
                0x00172184                GPUCMD_SetBuffer
 .text.GPUCMD_GetBuffer
                0x001721b0       0x40 c:/devkitPro/libctru/lib\libctru.a(gpu.o)
                0x001721b0                GPUCMD_GetBuffer
 .text.GPUCMD_Add
                0x001721f0       0xe4 c:/devkitPro/libctru/lib\libctru.a(gpu.o)
                0x001721f0                GPUCMD_Add
 .text.GPUCMD_Finalize
                0x001722d4       0x98 c:/devkitPro/libctru/lib\libctru.a(gpu.o)
                0x001722d4                GPUCMD_Finalize
 .text.f32tof24
                0x0017236c       0x40 c:/devkitPro/libctru/lib\libctru.a(gpu.o)
                0x0017236c                f32tof24
 .text.f32tof31
                0x001723ac       0x40 c:/devkitPro/libctru/lib\libctru.a(gpu.o)
                0x001723ac                f32tof31
 .text.GX_ProcessCommandList
                0x001723ec       0x54 c:/devkitPro/libctru/lib\libctru.a(gx.o)
                0x001723ec                GX_ProcessCommandList
 .text.GX_MemoryFill
                0x00172440       0x60 c:/devkitPro/libctru/lib\libctru.a(gx.o)
                0x00172440                GX_MemoryFill
 .text.GX_DisplayTransfer
                0x001724a0       0x50 c:/devkitPro/libctru/lib\libctru.a(gx.o)
                0x001724a0                GX_DisplayTransfer
 .text.GX_FlushCacheRegions
                0x001724f0       0x54 c:/devkitPro/libctru/lib\libctru.a(gx.o)
                0x001724f0                GX_FlushCacheRegions
 .text.shaderInstanceInit
                0x00172544      0x23c c:/devkitPro/libctru/lib\libctru.a(shaderProgram.o)
                0x00172544                shaderInstanceInit
 .text.shaderInstanceFree
                0x00172780       0x38 c:/devkitPro/libctru/lib\libctru.a(shaderProgram.o)
                0x00172780                shaderInstanceFree
 .text.shaderInstanceGetUniformLocation
                0x001727b8       0x18 c:/devkitPro/libctru/lib\libctru.a(shaderProgram.o)
                0x001727b8                shaderInstanceGetUniformLocation
 .text.shaderProgramInit
                0x001727d0       0x18 c:/devkitPro/libctru/lib\libctru.a(shaderProgram.o)
                0x001727d0                shaderProgramInit
 .text.shaderProgramFree
                0x001727e8       0x30 c:/devkitPro/libctru/lib\libctru.a(shaderProgram.o)
                0x001727e8                shaderProgramFree
 .text.shaderProgramSetVsh
                0x00172818       0x6c c:/devkitPro/libctru/lib\libctru.a(shaderProgram.o)
                0x00172818                shaderProgramSetVsh
 .text.shaderProgramConfigure
                0x00172884      0x8a4 c:/devkitPro/libctru/lib\libctru.a(shaderProgram.o)
                0x00172884                shaderProgramConfigure
 .text.DVLB_Free
                0x00173128       0x3c c:/devkitPro/libctru/lib\libctru.a(shbin.o)
                0x00173128                DVLB_Free
 .text.DVLE_GetUniformRegister
                0x00173164       0x80 c:/devkitPro/libctru/lib\libctru.a(shbin.o)
                0x00173164                DVLE_GetUniformRegister
 .text.DVLE_GenerateOutmap
                0x001731e4      0x1f0 c:/devkitPro/libctru/lib\libctru.a(shbin.o)
                0x001731e4                DVLE_GenerateOutmap
 .text.DVLB_ParseFile
                0x001733d4      0x1d8 c:/devkitPro/libctru/lib\libctru.a(shbin.o)
                0x001733d4                DVLB_ParseFile
 .text._aptDebug
                0x001735ac        0x4 c:/devkitPro/libctru/lib\libctru.a(apt.o)
                0x001735ac                _aptDebug
 .text.aptSendCommand
                0x001735b0      0x12c c:/devkitPro/libctru/lib\libctru.a(apt.o)
                0x001735b0                aptSendCommand
 .text.aptExitProcess
                0x001736dc       0x3c c:/devkitPro/libctru/lib\libctru.a(apt.o)
 .text.aptHook  0x00173718       0x38 c:/devkitPro/libctru/lib\libctru.a(apt.o)
                0x00173718                aptHook
 .text.aptUnhook
                0x00173750       0x2c c:/devkitPro/libctru/lib\libctru.a(apt.o)
                0x00173750                aptUnhook
 .text.APT_InquireNotification
                0x0017377c       0x4c c:/devkitPro/libctru/lib\libctru.a(apt.o)
                0x0017377c                APT_InquireNotification
 .text.aptEventHandler
                0x001737c8      0x198 c:/devkitPro/libctru/lib\libctru.a(apt.o)
 .text.APT_AppletUtility
                0x00173960       0x74 c:/devkitPro/libctru/lib\libctru.a(apt.o)
                0x00173960                APT_AppletUtility
 .text.aptSetSleepAllowed
                0x001739d4       0xb0 c:/devkitPro/libctru/lib\libctru.a(apt.o)
                0x001739d4                aptSetSleepAllowed
 .text.APT_GlanceParameter
                0x00173a84       0xb4 c:/devkitPro/libctru/lib\libctru.a(apt.o)
                0x00173a84                APT_GlanceParameter
 .text.APT_ReceiveParameter
                0x00173b38       0xc0 c:/devkitPro/libctru/lib\libctru.a(apt.o)
                0x00173b38                APT_ReceiveParameter
 .text.aptReceiveParameter.constprop.1
                0x00173bf8       0xa8 c:/devkitPro/libctru/lib\libctru.a(apt.o)
 .text.aptScreenTransfer
                0x00173ca0      0x1e0 c:/devkitPro/libctru/lib\libctru.a(apt.o)
 .text.aptWaitForWakeUp
                0x00173e80      0x224 c:/devkitPro/libctru/lib\libctru.a(apt.o)
 .text.APT_CancelParameter
                0x001740a4       0x70 c:/devkitPro/libctru/lib\libctru.a(apt.o)
                0x001740a4                APT_CancelParameter
 .text.aptInit  0x00174114      0x21c c:/devkitPro/libctru/lib\libctru.a(apt.o)
                0x00174114                aptInit
 .text.aptClearParamQueue
                0x00174330       0x88 c:/devkitPro/libctru/lib\libctru.a(apt.o)
 .text.aptMainLoop
                0x001743b8      0x208 c:/devkitPro/libctru/lib\libctru.a(apt.o)
                0x001743b8                aptMainLoop
 .text.aptExit  0x001745c0      0x148 c:/devkitPro/libctru/lib\libctru.a(apt.o)
                0x001745c0                aptExit
 .text.APT_CheckNew3DS
                0x00174708       0x70 c:/devkitPro/libctru/lib\libctru.a(apt.o)
                0x00174708                APT_CheckNew3DS
 .text.gspEventThreadMain
                0x00174778      0x154 c:/devkitPro/libctru/lib\libctru.a(gspgpu.o)
 .text.gspInit  0x001748cc       0x74 c:/devkitPro/libctru/lib\libctru.a(gspgpu.o)
                0x001748cc                gspInit
 .text.gspExit  0x00174940       0x3c c:/devkitPro/libctru/lib\libctru.a(gspgpu.o)
                0x00174940                gspExit
 .text.gspSetEventCallback
                0x0017497c       0x2c c:/devkitPro/libctru/lib\libctru.a(gspgpu.o)
                0x0017497c                gspSetEventCallback
 .text.gspInitEventHandler
                0x001749a8       0x84 c:/devkitPro/libctru/lib\libctru.a(gspgpu.o)
                0x001749a8                gspInitEventHandler
 .text.gspExitEventHandler
                0x00174a2c       0x30 c:/devkitPro/libctru/lib\libctru.a(gspgpu.o)
                0x00174a2c                gspExitEventHandler
 .text.gspWaitForEvent
                0x00174a5c       0x44 c:/devkitPro/libctru/lib\libctru.a(gspgpu.o)
                0x00174a5c                gspWaitForEvent
 .text.gspWaitForAnyEvent
                0x00174aa0       0x64 c:/devkitPro/libctru/lib\libctru.a(gspgpu.o)
                0x00174aa0                gspWaitForAnyEvent
 .text.gspSubmitGxCommand
                0x00174b04      0x128 c:/devkitPro/libctru/lib\libctru.a(gspgpu.o)
                0x00174b04                gspSubmitGxCommand
 .text.GSPGPU_SetBufferSwap
                0x00174c2c       0x6c c:/devkitPro/libctru/lib\libctru.a(gspgpu.o)
                0x00174c2c                GSPGPU_SetBufferSwap
 .text.GSPGPU_FlushDataCache
                0x00174c98       0x4c c:/devkitPro/libctru/lib\libctru.a(gspgpu.o)
                0x00174c98                GSPGPU_FlushDataCache
 .text.GSPGPU_SetLcdForceBlack
                0x00174ce4       0x34 c:/devkitPro/libctru/lib\libctru.a(gspgpu.o)
                0x00174ce4                GSPGPU_SetLcdForceBlack
 .text.GSPGPU_RegisterInterruptRelayQueue
                0x00174d18       0x64 c:/devkitPro/libctru/lib\libctru.a(gspgpu.o)
                0x00174d18                GSPGPU_RegisterInterruptRelayQueue
 .text.GSPGPU_UnregisterInterruptRelayQueue
                0x00174d7c       0x2c c:/devkitPro/libctru/lib\libctru.a(gspgpu.o)
                0x00174d7c                GSPGPU_UnregisterInterruptRelayQueue
 .text.GSPGPU_AcquireRight
                0x00174da8       0x48 c:/devkitPro/libctru/lib\libctru.a(gspgpu.o)
                0x00174da8                GSPGPU_AcquireRight
 .text.GSPGPU_ReleaseRight
                0x00174df0       0x2c c:/devkitPro/libctru/lib\libctru.a(gspgpu.o)
                0x00174df0                GSPGPU_ReleaseRight
 .text.GSPGPU_ImportDisplayCaptureInfo
                0x00174e1c       0x80 c:/devkitPro/libctru/lib\libctru.a(gspgpu.o)
                0x00174e1c                GSPGPU_ImportDisplayCaptureInfo
 .text.GSPGPU_SaveVramSysArea
                0x00174e9c       0x2c c:/devkitPro/libctru/lib\libctru.a(gspgpu.o)
                0x00174e9c                GSPGPU_SaveVramSysArea
 .text.GSPGPU_RestoreVramSysArea
                0x00174ec8       0x2c c:/devkitPro/libctru/lib\libctru.a(gspgpu.o)
                0x00174ec8                GSPGPU_RestoreVramSysArea
 .text.hidExit  0x00174ef4       0xd8 c:/devkitPro/libctru/lib\libctru.a(hid.o)
                0x00174ef4                hidExit
 .text.hidScanInput
                0x00174fcc      0x238 c:/devkitPro/libctru/lib\libctru.a(hid.o)
                0x00174fcc                hidScanInput
 .text.hidKeysHeld
                0x00175204       0x10 c:/devkitPro/libctru/lib\libctru.a(hid.o)
                0x00175204                hidKeysHeld
 .text.HIDUSER_GetHandles
                0x00175214       0x90 c:/devkitPro/libctru/lib\libctru.a(hid.o)
                0x00175214                HIDUSER_GetHandles
 .text.hidInit  0x001752a4      0x184 c:/devkitPro/libctru/lib\libctru.a(hid.o)
                0x001752a4                hidInit
 .text.irrstScanInput
                0x00175428       0xb0 c:/devkitPro/libctru/lib\libctru.a(irrst.o)
                0x00175428                irrstScanInput
 .text.irrstKeysHeld
                0x001754d8       0x1c c:/devkitPro/libctru/lib\libctru.a(irrst.o)
                0x001754d8                irrstKeysHeld
 .text.IRRST_GetHandles
                0x001754f4       0x50 c:/devkitPro/libctru/lib\libctru.a(irrst.o)
                0x001754f4                IRRST_GetHandles
 .text.irrstInit
                0x00175544      0x148 c:/devkitPro/libctru/lib\libctru.a(irrst.o)
                0x00175544                irrstInit
 .text.IRRST_Shutdown
                0x0017568c       0x2c c:/devkitPro/libctru/lib\libctru.a(irrst.o)
                0x0017568c                IRRST_Shutdown
 .text.irrstExit
                0x001756b8       0xb0 c:/devkitPro/libctru/lib\libctru.a(irrst.o)
                0x001756b8                irrstExit
 .text.ptmSysmInit
                0x00175768       0x70 c:/devkitPro/libctru/lib\libctru.a(ptmsysm.o)
                0x00175768                ptmSysmInit
 .text.ptmSysmExit
                0x001757d8       0x34 c:/devkitPro/libctru/lib\libctru.a(ptmsysm.o)
                0x001757d8                ptmSysmExit
 .text.PTMSYSM_ConfigureNew3DSCPU
                0x0017580c       0x34 c:/devkitPro/libctru/lib\libctru.a(ptmsysm.o)
                0x0017580c                PTMSYSM_ConfigureNew3DSCPU
 .text.rbtree_find
                0x00175840       0x70 c:/devkitPro/libctru/lib\libctru.a(rbtree_find.o)
                0x00175840                rbtree_find
 .text.rbtree_init
                0x001758b0       0x14 c:/devkitPro/libctru/lib\libctru.a(rbtree_init.o)
                0x001758b0                rbtree_init
 .text.do_insert
                0x001758c4      0x1d4 c:/devkitPro/libctru/lib\libctru.a(rbtree_insert.o)
 .text.rbtree_insert
                0x00175a98        0x8 c:/devkitPro/libctru/lib\libctru.a(rbtree_insert.o)
                0x00175a98                rbtree_insert
 .text.rbtree_remove
                0x00175aa0      0x35c c:/devkitPro/libctru/lib\libctru.a(rbtree_remove.o)
                0x00175aa0                rbtree_remove
 .text.rbtree_rotate
                0x00175dfc       0xac c:/devkitPro/libctru/lib\libctru.a(rbtree_rotate.o)
                0x00175dfc                rbtree_rotate
 .text.osGetMemRegionSize
                0x00175ea8       0x58 c:/devkitPro/libctru/lib\libctru.a(allocateHeaps.o)
 .text.__system_allocateHeaps
                0x00175f00      0x124 c:/devkitPro/libctru/lib\libctru.a(allocateHeaps.o)
                0x00175f00                __system_allocateHeaps
 .text.__system_initArgv
                0x00176024       0xf4 c:/devkitPro/libctru/lib\libctru.a(initArgv.o)
                0x00176024                __system_initArgv
 .text.__libctru_init
                0x00176118       0x38 c:/devkitPro/libctru/lib\libctru.a(initSystem.o)
                0x00176118                __libctru_init
 .text.__ctru_get_reent
                0x00176150       0x30 c:/devkitPro/libctru/lib\libctru.a(syscalls.o)
 .text.__system_initSyscalls
                0x00176180       0xe8 c:/devkitPro/libctru/lib\libctru.a(syscalls.o)
                0x00176180                __system_initSyscalls
 .text.svcControlMemory
                0x00176268       0x20 c:/devkitPro/libctru/lib\libctru.a(svc.o)
                0x00176268                svcControlMemory
 .text.svcExitProcess
                0x00176288        0x8 c:/devkitPro/libctru/lib\libctru.a(svc.o)
                0x00176288                svcExitProcess
 .text.svcCreateThread
                0x00176290       0x20 c:/devkitPro/libctru/lib\libctru.a(svc.o)
                0x00176290                svcCreateThread
 .text.svcExitThread
                0x001762b0        0x8 c:/devkitPro/libctru/lib\libctru.a(svc.o)
                0x001762b0                svcExitThread
 .text.svcSleepThread
                0x001762b8        0x8 c:/devkitPro/libctru/lib\libctru.a(svc.o)
                0x001762b8                svcSleepThread
 .text.svcReleaseMutex
                0x001762c0        0x8 c:/devkitPro/libctru/lib\libctru.a(svc.o)
                0x001762c0                svcReleaseMutex
 .text.svcCreateEvent
                0x001762c8       0x14 c:/devkitPro/libctru/lib\libctru.a(svc.o)
                0x001762c8                svcCreateEvent
 .text.svcSignalEvent
                0x001762dc        0x8 c:/devkitPro/libctru/lib\libctru.a(svc.o)
                0x001762dc                svcSignalEvent
 .text.svcClearEvent
                0x001762e4        0x8 c:/devkitPro/libctru/lib\libctru.a(svc.o)
                0x001762e4                svcClearEvent
 .text.svcMapMemoryBlock
                0x001762ec        0x8 c:/devkitPro/libctru/lib\libctru.a(svc.o)
                0x001762ec                svcMapMemoryBlock
 .text.svcUnmapMemoryBlock
                0x001762f4        0x8 c:/devkitPro/libctru/lib\libctru.a(svc.o)
                0x001762f4                svcUnmapMemoryBlock
 .text.svcCreateAddressArbiter
                0x001762fc       0x14 c:/devkitPro/libctru/lib\libctru.a(svc.o)
                0x001762fc                svcCreateAddressArbiter
 .text.svcArbitrateAddress
                0x00176310       0x18 c:/devkitPro/libctru/lib\libctru.a(svc.o)
                0x00176310                svcArbitrateAddress
 .text.svcCloseHandle
                0x00176328        0x8 c:/devkitPro/libctru/lib\libctru.a(svc.o)
                0x00176328                svcCloseHandle
 .text.svcWaitSynchronization
                0x00176330        0x8 c:/devkitPro/libctru/lib\libctru.a(svc.o)
                0x00176330                svcWaitSynchronization
 .text.svcWaitSynchronizationN
                0x00176338       0x28 c:/devkitPro/libctru/lib\libctru.a(svc.o)
                0x00176338                svcWaitSynchronizationN
 .text.svcDuplicateHandle
                0x00176360       0x14 c:/devkitPro/libctru/lib\libctru.a(svc.o)
                0x00176360                svcDuplicateHandle
 .text.svcGetSystemTick
                0x00176374        0x8 c:/devkitPro/libctru/lib\libctru.a(svc.o)
                0x00176374                svcGetSystemTick
 .text.svcGetSystemInfo
                0x0017637c       0x18 c:/devkitPro/libctru/lib\libctru.a(svc.o)
                0x0017637c                svcGetSystemInfo
 .text.svcConnectToPort
                0x00176394       0x14 c:/devkitPro/libctru/lib\libctru.a(svc.o)
                0x00176394                svcConnectToPort
 .text.svcSendSyncRequest
                0x001763a8        0x8 c:/devkitPro/libctru/lib\libctru.a(svc.o)
                0x001763a8                svcSendSyncRequest
 .text.svcBreak
                0x001763b0        0x8 c:/devkitPro/libctru/lib\libctru.a(svc.o)
                0x001763b0                svcBreak
 .text._ZL21addrMapNodeComparatorPK11rbtree_nodeS1_
                0x001763b8       0x24 c:/devkitPro/libctru/lib\libctru.a(mappable.o)
 .text._ZL21addrMapNodeDestructorP11rbtree_node
                0x001763dc        0x4 c:/devkitPro/libctru/lib\libctru.a(mappable.o)
 .text.mappableAlloc
                0x001763e0       0xf4 c:/devkitPro/libctru/lib\libctru.a(mappable.o)
                0x001763e0                mappableAlloc
 .text.mappableFree
                0x001764d4       0x50 c:/devkitPro/libctru/lib\libctru.a(mappable.o)
                0x001764d4                mappableFree
 .text.envGetHandle
                0x00176524       0x94 c:/devkitPro/libctru/lib\libctru.a(env.o)
                0x00176524                envGetHandle
 .text.envDestroyHandles
                0x001765b8       0x4c c:/devkitPro/libctru/lib\libctru.a(env.o)
                0x001765b8                envDestroyHandles
 .text.srvExit  0x00176604       0x50 c:/devkitPro/libctru/lib\libctru.a(srv.o)
                0x00176604                srvExit
 .text.srvRegisterClient
                0x00176654       0x38 c:/devkitPro/libctru/lib\libctru.a(srv.o)
                0x00176654                srvRegisterClient
 .text.srvInit  0x0017668c       0x70 c:/devkitPro/libctru/lib\libctru.a(srv.o)
                0x0017668c                srvInit
 .text.srvGetServiceHandleDirect
                0x001766fc       0x68 c:/devkitPro/libctru/lib\libctru.a(srv.o)
                0x001766fc                srvGetServiceHandleDirect
 .text.srvGetServiceHandle
                0x00176764       0x38 c:/devkitPro/libctru/lib\libctru.a(srv.o)
                0x00176764                srvGetServiceHandle
 .text.LightLock_Unlock.part.1
                0x0017679c       0x34 c:/devkitPro/libctru/lib\libctru.a(synchronization.o)
 .text.__sync_init
                0x001767d0        0xc c:/devkitPro/libctru/lib\libctru.a(synchronization.o)
                0x001767d0                __sync_init
 .text.__sync_fini
                0x001767dc       0x18 c:/devkitPro/libctru/lib\libctru.a(synchronization.o)
                0x001767dc                __sync_fini
 .text.__sync_get_arbiter
                0x001767f4       0x10 c:/devkitPro/libctru/lib\libctru.a(synchronization.o)
                0x001767f4                __sync_get_arbiter
 .text.LightLock_Init
                0x00176804       0x18 c:/devkitPro/libctru/lib\libctru.a(synchronization.o)
                0x00176804                LightLock_Init
 .text.LightLock_Lock
                0x0017681c       0x94 c:/devkitPro/libctru/lib\libctru.a(synchronization.o)
                0x0017681c                LightLock_Lock
 .text.LightLock_TryLock
                0x001768b0       0x34 c:/devkitPro/libctru/lib\libctru.a(synchronization.o)
                0x001768b0                LightLock_TryLock
 .text.LightLock_Unlock
                0x001768e4       0x20 c:/devkitPro/libctru/lib\libctru.a(synchronization.o)
                0x001768e4                LightLock_Unlock
 .text.RecursiveLock_Init
                0x00176904       0x24 c:/devkitPro/libctru/lib\libctru.a(synchronization.o)
                0x00176904                RecursiveLock_Init
 .text.RecursiveLock_Lock
                0x00176928       0x30 c:/devkitPro/libctru/lib\libctru.a(synchronization.o)
                0x00176928                RecursiveLock_Lock
 .text.RecursiveLock_TryLock
                0x00176958       0x58 c:/devkitPro/libctru/lib\libctru.a(synchronization.o)
                0x00176958                RecursiveLock_TryLock
 .text.RecursiveLock_Unlock
                0x001769b0       0x38 c:/devkitPro/libctru/lib\libctru.a(synchronization.o)
                0x001769b0                RecursiveLock_Unlock
 .text.LightEvent_Init
                0x001769e8       0x38 c:/devkitPro/libctru/lib\libctru.a(synchronization.o)
                0x001769e8                LightEvent_Init
 .text.LightEvent_Clear
                0x00176a20       0x7c c:/devkitPro/libctru/lib\libctru.a(synchronization.o)
                0x00176a20                LightEvent_Clear
 .text.LightEvent_Signal
                0x00176a9c       0xdc c:/devkitPro/libctru/lib\libctru.a(synchronization.o)
                0x00176a9c                LightEvent_Signal
 .text.LightEvent_Wait
                0x00176b78       0xc8 c:/devkitPro/libctru/lib\libctru.a(synchronization.o)
                0x00176b78                LightEvent_Wait
 .text.threadCreate
                0x00176c40      0x1c8 c:/devkitPro/libctru/lib\libctru.a(thread.o)
                0x00176c40                threadCreate
 .text.threadJoin
                0x00176e08       0x24 c:/devkitPro/libctru/lib\libctru.a(thread.o)
                0x00176e08                threadJoin
 .text.threadExit
                0x00176e2c       0x6c c:/devkitPro/libctru/lib\libctru.a(thread.o)
                0x00176e2c                threadExit
 .text._thread_begin
                0x00176e98       0x3c c:/devkitPro/libctru/lib\libctru.a(thread.o)
 .text.rbtree_node_next
                0x00176ed4       0x8c c:/devkitPro/libctru/lib\libctru.a(rbtree_iterator.o)
                0x00176ed4                rbtree_node_next
 .text.__appExit
                0x00176f60       0x1c c:/devkitPro/libctru/lib\libctru.a(appExit.o)
                0x00176f60                __appExit
 .text.__appInit
                0x00176f7c       0x1c c:/devkitPro/libctru/lib\libctru.a(appInit.o)
                0x00176f7c                __appInit
 .text.__libctru_exit
                0x00176f98       0xa4 c:/devkitPro/libctru/lib\libctru.a(ctru_exit.o)
                0x00176f98                __libctru_exit
 .text.sdmc_link
                0x0017703c       0x10 c:/devkitPro/libctru/lib\libctru.a(sdmc_dev.o)
 .text.sdmc_dirreset
                0x0017704c       0x10 c:/devkitPro/libctru/lib\libctru.a(sdmc_dev.o)
 .text.sdmc_chmod
                0x0017705c       0x10 c:/devkitPro/libctru/lib\libctru.a(sdmc_dev.o)
 .text.sdmc_fchmod
                0x0017706c       0x10 c:/devkitPro/libctru/lib\libctru.a(sdmc_dev.o)
 .text.error_cmp
                0x0017707c       0x24 c:/devkitPro/libctru/lib\libctru.a(sdmc_dev.o)
 .text.sdmc_translate_error
                0x001770a0       0x50 c:/devkitPro/libctru/lib\libctru.a(sdmc_dev.o)
 .text.sdmc_fsync
                0x001770f0       0x34 c:/devkitPro/libctru/lib\libctru.a(sdmc_dev.o)
 .text.sdmc_ftruncate
                0x00177124       0x54 c:/devkitPro/libctru/lib\libctru.a(sdmc_dev.o)
 .text.sdmc_statvfs
                0x00177178       0xac c:/devkitPro/libctru/lib\libctru.a(sdmc_dev.o)
 .text.sdmc_dirclose
                0x00177224       0x38 c:/devkitPro/libctru/lib\libctru.a(sdmc_dev.o)
 .text.sdmc_dirnext
                0x0017725c      0x13c c:/devkitPro/libctru/lib\libctru.a(sdmc_dev.o)
 .text.sdmc_close
                0x00177398       0x34 c:/devkitPro/libctru/lib\libctru.a(sdmc_dev.o)
 .text.sdmc_fstat
                0x001773cc       0x74 c:/devkitPro/libctru/lib\libctru.a(sdmc_dev.o)
 .text.sdmc_seek
                0x00177440       0xc0 c:/devkitPro/libctru/lib\libctru.a(sdmc_dev.o)
 .text.sdmc_read
                0x00177500       0x8c c:/devkitPro/libctru/lib\libctru.a(sdmc_dev.o)
 .text.sdmc_write_safe
                0x0017758c      0x110 c:/devkitPro/libctru/lib\libctru.a(sdmc_dev.o)
 .text.sdmc_utf16path
                0x0017769c      0x1b4 c:/devkitPro/libctru/lib\libctru.a(sdmc_dev.o)
 .text.sdmc_rmdir
                0x00177850       0x74 c:/devkitPro/libctru/lib\libctru.a(sdmc_dev.o)
 .text.sdmc_diropen
                0x001778c4       0xa8 c:/devkitPro/libctru/lib\libctru.a(sdmc_dev.o)
 .text.sdmc_chdir
                0x0017796c       0xa0 c:/devkitPro/libctru/lib\libctru.a(sdmc_dev.o)
 .text.sdmc_mkdir
                0x00177a0c       0x98 c:/devkitPro/libctru/lib\libctru.a(sdmc_dev.o)
 .text.sdmc_rename
                0x00177aa4      0x108 c:/devkitPro/libctru/lib\libctru.a(sdmc_dev.o)
 .text.sdmc_unlink
                0x00177bac       0x74 c:/devkitPro/libctru/lib\libctru.a(sdmc_dev.o)
 .text.sdmc_stat
                0x00177c20      0x108 c:/devkitPro/libctru/lib\libctru.a(sdmc_dev.o)
 .text.sdmc_open
                0x00177d28      0x188 c:/devkitPro/libctru/lib\libctru.a(sdmc_dev.o)
 .text.sdmcInit
                0x00177eb0      0x15c c:/devkitPro/libctru/lib\libctru.a(sdmc_dev.o)
                0x00177eb0                sdmcInit
 .text.sdmcExit
                0x0017800c       0x54 c:/devkitPro/libctru/lib\libctru.a(sdmc_dev.o)
                0x0017800c                sdmcExit
 .text.fsSessionForArchive.part.0
                0x00178060       0x28 c:/devkitPro/libctru/lib\libctru.a(fs.o)
 .text.fsInit   0x00178088       0xcc c:/devkitPro/libctru/lib\libctru.a(fs.o)
                0x00178088                fsInit
 .text.fsExit   0x00178154       0x38 c:/devkitPro/libctru/lib\libctru.a(fs.o)
                0x00178154                fsExit
 .text.fsExemptFromSession
                0x0017818c       0x74 c:/devkitPro/libctru/lib\libctru.a(fs.o)
                0x0017818c                fsExemptFromSession
 .text.fsUnexemptFromSession
                0x00178200       0x54 c:/devkitPro/libctru/lib\libctru.a(fs.o)
                0x00178200                fsUnexemptFromSession
 .text.FSUSER_OpenFile
                0x00178254       0xbc c:/devkitPro/libctru/lib\libctru.a(fs.o)
                0x00178254                FSUSER_OpenFile
 .text.FSUSER_DeleteFile
                0x00178310       0xa4 c:/devkitPro/libctru/lib\libctru.a(fs.o)
                0x00178310                FSUSER_DeleteFile
 .text.FSUSER_RenameFile
                0x001783b4       0xe0 c:/devkitPro/libctru/lib\libctru.a(fs.o)
                0x001783b4                FSUSER_RenameFile
 .text.FSUSER_DeleteDirectory
                0x00178494       0xa4 c:/devkitPro/libctru/lib\libctru.a(fs.o)
                0x00178494                FSUSER_DeleteDirectory
 .text.FSUSER_CreateFile
                0x00178538       0xbc c:/devkitPro/libctru/lib\libctru.a(fs.o)
                0x00178538                FSUSER_CreateFile
 .text.FSUSER_CreateDirectory
                0x001785f4       0xac c:/devkitPro/libctru/lib\libctru.a(fs.o)
                0x001785f4                FSUSER_CreateDirectory
 .text.FSUSER_RenameDirectory
                0x001786a0       0xe0 c:/devkitPro/libctru/lib\libctru.a(fs.o)
                0x001786a0                FSUSER_RenameDirectory
 .text.FSUSER_OpenDirectory
                0x00178780       0xa4 c:/devkitPro/libctru/lib\libctru.a(fs.o)
                0x00178780                FSUSER_OpenDirectory
 .text.FSUSER_OpenArchive
                0x00178824       0x9c c:/devkitPro/libctru/lib\libctru.a(fs.o)
                0x00178824                FSUSER_OpenArchive
 .text.FSUSER_CloseArchive
                0x001788c0       0x74 c:/devkitPro/libctru/lib\libctru.a(fs.o)
                0x001788c0                FSUSER_CloseArchive
 .text.FSUSER_GetSdmcArchiveResource
                0x00178934       0x78 c:/devkitPro/libctru/lib\libctru.a(fs.o)
                0x00178934                FSUSER_GetSdmcArchiveResource
 .text.FSUSER_IsSdmcWritable
                0x001789ac       0x64 c:/devkitPro/libctru/lib\libctru.a(fs.o)
                0x001789ac                FSUSER_IsSdmcWritable
 .text.FSFILE_Read
                0x00178a10       0x5c c:/devkitPro/libctru/lib\libctru.a(fs.o)
                0x00178a10                FSFILE_Read
 .text.FSFILE_Write
                0x00178a6c       0x64 c:/devkitPro/libctru/lib\libctru.a(fs.o)
                0x00178a6c                FSFILE_Write
 .text.FSFILE_GetSize
                0x00178ad0       0x3c c:/devkitPro/libctru/lib\libctru.a(fs.o)
                0x00178ad0                FSFILE_GetSize
 .text.FSFILE_SetSize
                0x00178b0c       0x2c c:/devkitPro/libctru/lib\libctru.a(fs.o)
                0x00178b0c                FSFILE_SetSize
 .text.FSFILE_Close
                0x00178b38       0x3c c:/devkitPro/libctru/lib\libctru.a(fs.o)
                0x00178b38                FSFILE_Close
 .text.FSFILE_Flush
                0x00178b74       0x24 c:/devkitPro/libctru/lib\libctru.a(fs.o)
                0x00178b74                FSFILE_Flush
 .text.FSDIR_Read
                0x00178b98       0x54 c:/devkitPro/libctru/lib\libctru.a(fs.o)
                0x00178b98                FSDIR_Read
 .text.FSDIR_Close
                0x00178bec       0x3c c:/devkitPro/libctru/lib\libctru.a(fs.o)
                0x00178bec                FSDIR_Close
 .text.decode_utf8
                0x00178c28      0x138 c:/devkitPro/libctru/lib\libctru.a(decode_utf8.o)
                0x00178c28                decode_utf8
 .text.utf16_to_utf8
                0x00178d60       0xe4 c:/devkitPro/libctru/lib\libctru.a(utf16_to_utf8.o)
                0x00178d60                utf16_to_utf8
 .text.utf8_to_utf16
                0x00178e44       0xbc c:/devkitPro/libctru/lib\libctru.a(utf8_to_utf16.o)
                0x00178e44                utf8_to_utf16
 .text.__aeabi_read_tp
                0x00178f00        0xc c:/devkitPro/libctru/lib\libctru.a(readtp.o)
                0x00178f00                __aeabi_read_tp
 .text.decode_utf16
                0x00178f0c       0x60 c:/devkitPro/libctru/lib\libctru.a(decode_utf16.o)
                0x00178f0c                decode_utf16
 .text.encode_utf16
                0x00178f6c       0x68 c:/devkitPro/libctru/lib\libctru.a(encode_utf16.o)
                0x00178f6c                encode_utf16
 .text.encode_utf8
                0x00178fd4      0x104 c:/devkitPro/libctru/lib\libctru.a(encode_utf8.o)
                0x00178fd4                encode_utf8
 .text._ZdlPv   0x001790d8        0x4 c:/devkitpro/devkitarm/bin/../lib/gcc/arm-none-eabi/5.3.0/../../../../arm-none-eabi/lib/armv6k/fpu\libstdc++.a(del_op.o)
                0x001790d8                operator delete(void*)
 .text.atol     0x001790dc        0xc c:/devkitpro/devkitarm/bin/../lib/gcc/arm-none-eabi/5.3.0/../../../../arm-none-eabi/lib/armv6k/fpu\libg.a(lib_a-atol.o)
                0x001790dc                atol
 .text.bsearch  0x001790e8       0x78 c:/devkitpro/devkitarm/bin/../lib/gcc/arm-none-eabi/5.3.0/../../../../arm-none-eabi/lib/armv6k/fpu\libg.a(lib_a-bsearch.o)
                0x001790e8                bsearch
 .text.calloc   0x00179160       0x20 c:/devkitpro/devkitarm/bin/../lib/gcc/arm-none-eabi/5.3.0/../../../../arm-none-eabi/lib/armv6k/fpu\libg.a(lib_a-calloc.o)
                0x00179160                calloc
 .text._calloc_r
                0x00179180       0x90 c:/devkitpro/devkitarm/bin/../lib/gcc/arm-none-eabi/5.3.0/../../../../arm-none-eabi/lib/armv6k/fpu\libg.a(lib_a-callocr.o)
                0x00179180                _calloc_r
 .text.__errno  0x00179210        0xc c:/devkitpro/devkitarm/bin/../lib/gcc/arm-none-eabi/5.3.0/../../../../arm-none-eabi/lib/armv6k/fpu\libg.a(lib_a-errno.o)
                0x00179210                __errno
 .text._fclose_r
                0x0017921c      0x120 c:/devkitpro/devkitarm/bin/../lib/gcc/arm-none-eabi/5.3.0/../../../../arm-none-eabi/lib/armv6k/fpu\libg.a(lib_a-fclose.o)
                0x0017921c                _fclose_r
 .text.fclose   0x0017933c       0x18 c:/devkitpro/devkitarm/bin/../lib/gcc/arm-none-eabi/5.3.0/../../../../arm-none-eabi/lib/armv6k/fpu\libg.a(lib_a-fclose.o)
                0x0017933c                fclose
 .text.__sflush_r
                0x00179354      0x230 c:/devkitpro/devkitarm/bin/../lib/gcc/arm-none-eabi/5.3.0/../../../../arm-none-eabi/lib/armv6k/fpu\libg.a(lib_a-fflush.o)
                0x00179354                __sflush_r
 .text._fflush_r
                0x00179584       0x90 c:/devkitpro/devkitarm/bin/../lib/gcc/arm-none-eabi/5.3.0/../../../../arm-none-eabi/lib/armv6k/fpu\libg.a(lib_a-fflush.o)
                0x00179584                _fflush_r
 .text.fflush   0x00179614       0x38 c:/devkitpro/devkitarm/bin/../lib/gcc/arm-none-eabi/5.3.0/../../../../arm-none-eabi/lib/armv6k/fpu\libg.a(lib_a-fflush.o)
                0x00179614                fflush
 .text._cleanup_r
                0x0017964c        0xc c:/devkitpro/devkitarm/bin/../lib/gcc/arm-none-eabi/5.3.0/../../../../arm-none-eabi/lib/armv6k/fpu\libg.a(lib_a-findfp.o)
                0x0017964c                _cleanup_r
 .text.std.isra.0
                0x00179658       0x80 c:/devkitpro/devkitarm/bin/../lib/gcc/arm-none-eabi/5.3.0/../../../../arm-none-eabi/lib/armv6k/fpu\libg.a(lib_a-findfp.o)
 .text.__sfmoreglue
                0x001796d8       0x48 c:/devkitpro/devkitarm/bin/../lib/gcc/arm-none-eabi/5.3.0/../../../../arm-none-eabi/lib/armv6k/fpu\libg.a(lib_a-findfp.o)
                0x001796d8                __sfmoreglue
 .text.__sinit  0x00179720       0x8c c:/devkitpro/devkitarm/bin/../lib/gcc/arm-none-eabi/5.3.0/../../../../arm-none-eabi/lib/armv6k/fpu\libg.a(lib_a-findfp.o)
                0x00179720                __sinit
 .text.__sfp    0x001797ac      0x11c c:/devkitpro/devkitarm/bin/../lib/gcc/arm-none-eabi/5.3.0/../../../../arm-none-eabi/lib/armv6k/fpu\libg.a(lib_a-findfp.o)
                0x001797ac                __sfp
 .text.__sfp_lock_acquire
                0x001798c8        0xc c:/devkitpro/devkitarm/bin/../lib/gcc/arm-none-eabi/5.3.0/../../../../arm-none-eabi/lib/armv6k/fpu\libg.a(lib_a-findfp.o)
                0x001798c8                __sfp_lock_acquire
 .text.__sfp_lock_release
                0x001798d4        0xc c:/devkitpro/devkitarm/bin/../lib/gcc/arm-none-eabi/5.3.0/../../../../arm-none-eabi/lib/armv6k/fpu\libg.a(lib_a-findfp.o)
                0x001798d4                __sfp_lock_release
 .text.__libc_fini_array
                0x001798e0       0x3c c:/devkitpro/devkitarm/bin/../lib/gcc/arm-none-eabi/5.3.0/../../../../arm-none-eabi/lib/armv6k/fpu\libg.a(lib_a-fini.o)
                0x001798e0                __libc_fini_array
 .text._fopen_r
                0x0017991c      0x13c c:/devkitpro/devkitarm/bin/../lib/gcc/arm-none-eabi/5.3.0/../../../../arm-none-eabi/lib/armv6k/fpu\libg.a(lib_a-fopen.o)
                0x0017991c                _fopen_r
 .text.fopen    0x00179a58       0x20 c:/devkitpro/devkitarm/bin/../lib/gcc/arm-none-eabi/5.3.0/../../../../arm-none-eabi/lib/armv6k/fpu\libg.a(lib_a-fopen.o)
                0x00179a58                fopen
 .text._fread_r
                0x00179a78      0x2ec c:/devkitpro/devkitarm/bin/../lib/gcc/arm-none-eabi/5.3.0/../../../../arm-none-eabi/lib/armv6k/fpu\libg.a(lib_a-fread.o)
                0x00179a78                _fread_r
 .text.fread    0x00179d64       0x38 c:/devkitpro/devkitarm/bin/../lib/gcc/arm-none-eabi/5.3.0/../../../../arm-none-eabi/lib/armv6k/fpu\libg.a(lib_a-fread.o)
                0x00179d64                fread
 .text._malloc_trim_r
                0x00179d9c       0xf8 c:/devkitpro/devkitarm/bin/../lib/gcc/arm-none-eabi/5.3.0/../../../../arm-none-eabi/lib/armv6k/fpu\libg.a(lib_a-freer.o)
                0x00179d9c                _malloc_trim_r
 .text._free_r  0x00179e94      0x2e4 c:/devkitpro/devkitarm/bin/../lib/gcc/arm-none-eabi/5.3.0/../../../../arm-none-eabi/lib/armv6k/fpu\libg.a(lib_a-freer.o)
                0x00179e94                _free_r
 .text._fseek_r
                0x0017a178        0x4 c:/devkitpro/devkitarm/bin/../lib/gcc/arm-none-eabi/5.3.0/../../../../arm-none-eabi/lib/armv6k/fpu\libg.a(lib_a-fseek.o)
                0x0017a178                _fseek_r
 .text.fseek    0x0017a17c       0x28 c:/devkitpro/devkitarm/bin/../lib/gcc/arm-none-eabi/5.3.0/../../../../arm-none-eabi/lib/armv6k/fpu\libg.a(lib_a-fseek.o)
                0x0017a17c                fseek
 .text._fseeko_r
                0x0017a1a4      0x4f8 c:/devkitpro/devkitarm/bin/../lib/gcc/arm-none-eabi/5.3.0/../../../../arm-none-eabi/lib/armv6k/fpu\libg.a(lib_a-fseeko.o)
                0x0017a1a4                _fseeko_r
 .text.ftell    0x0017a69c       0x18 c:/devkitpro/devkitarm/bin/../lib/gcc/arm-none-eabi/5.3.0/../../../../arm-none-eabi/lib/armv6k/fpu\libg.a(lib_a-ftell.o)
                0x0017a69c                ftell
 .text._ftello_r
                0x0017a6b4      0x164 c:/devkitpro/devkitarm/bin/../lib/gcc/arm-none-eabi/5.3.0/../../../../arm-none-eabi/lib/armv6k/fpu\libg.a(lib_a-ftello.o)
                0x0017a6b4                _ftello_r
 .text._fwalk   0x0017a818       0x78 c:/devkitpro/devkitarm/bin/../lib/gcc/arm-none-eabi/5.3.0/../../../../arm-none-eabi/lib/armv6k/fpu\libg.a(lib_a-fwalk.o)
                0x0017a818                _fwalk
 .text._fwalk_reent
                0x0017a890       0x80 c:/devkitpro/devkitarm/bin/../lib/gcc/arm-none-eabi/5.3.0/../../../../arm-none-eabi/lib/armv6k/fpu\libg.a(lib_a-fwalk.o)
                0x0017a890                _fwalk_reent
 .text.__libc_init_array
                0x0017a910       0x78 c:/devkitpro/devkitarm/bin/../lib/gcc/arm-none-eabi/5.3.0/../../../../arm-none-eabi/lib/armv6k/fpu\libg.a(lib_a-init.o)
                0x0017a910                __libc_init_array
 .text.__smakebuf_r
                0x0017a988      0x160 c:/devkitpro/devkitarm/bin/../lib/gcc/arm-none-eabi/5.3.0/../../../../arm-none-eabi/lib/armv6k/fpu\libg.a(lib_a-makebuf.o)
                0x0017a988                __smakebuf_r
 .text.memalign
                0x0017aae8       0x20 c:/devkitpro/devkitarm/bin/../lib/gcc/arm-none-eabi/5.3.0/../../../../arm-none-eabi/lib/armv6k/fpu\libg.a(lib_a-malign.o)
                0x0017aae8                memalign
 .text._memalign_r
                0x0017ab08      0x15c c:/devkitpro/devkitarm/bin/../lib/gcc/arm-none-eabi/5.3.0/../../../../arm-none-eabi/lib/armv6k/fpu\libg.a(lib_a-malignr.o)
                0x0017ab08                _memalign_r
 .text.malloc   0x0017ac64       0x18 c:/devkitpro/devkitarm/bin/../lib/gcc/arm-none-eabi/5.3.0/../../../../arm-none-eabi/lib/armv6k/fpu\libg.a(lib_a-malloc.o)
                0x0017ac64                malloc
 .text.free     0x0017ac7c       0x18 c:/devkitpro/devkitarm/bin/../lib/gcc/arm-none-eabi/5.3.0/../../../../arm-none-eabi/lib/armv6k/fpu\libg.a(lib_a-malloc.o)
                0x0017ac7c                free
 .text._malloc_r
                0x0017ac94      0x7a8 c:/devkitpro/devkitarm/bin/../lib/gcc/arm-none-eabi/5.3.0/../../../../arm-none-eabi/lib/armv6k/fpu\libg.a(lib_a-mallocr.o)
                0x0017ac94                _malloc_r
 .text.memchr   0x0017b43c      0x100 c:/devkitpro/devkitarm/bin/../lib/gcc/arm-none-eabi/5.3.0/../../../../arm-none-eabi/lib/armv6k/fpu\libg.a(lib_a-memchr.o)
                0x0017b43c                memchr
 .text.memcmp   0x0017b53c       0xa8 c:/devkitpro/devkitarm/bin/../lib/gcc/arm-none-eabi/5.3.0/../../../../arm-none-eabi/lib/armv6k/fpu\libg.a(lib_a-memcmp.o)
                0x0017b53c                memcmp
 .text.memcpy   0x0017b5e4       0xf0 c:/devkitpro/devkitarm/bin/../lib/gcc/arm-none-eabi/5.3.0/../../../../arm-none-eabi/lib/armv6k/fpu\libg.a(lib_a-memcpy.o)
                0x0017b5e4                memcpy
 .text.memmove  0x0017b6d4      0x128 c:/devkitpro/devkitarm/bin/../lib/gcc/arm-none-eabi/5.3.0/../../../../arm-none-eabi/lib/armv6k/fpu\libg.a(lib_a-memmove.o)
                0x0017b6d4                memmove
 .text.memset   0x0017b7fc       0xf4 c:/devkitpro/devkitarm/bin/../lib/gcc/arm-none-eabi/5.3.0/../../../../arm-none-eabi/lib/armv6k/fpu\libg.a(lib_a-memset.o)
                0x0017b7fc                memset
 .text.__malloc_lock
                0x0017b8f0        0xc c:/devkitpro/devkitarm/bin/../lib/gcc/arm-none-eabi/5.3.0/../../../../arm-none-eabi/lib/armv6k/fpu\libg.a(lib_a-mlock.o)
                0x0017b8f0                __malloc_lock
 .text.__malloc_unlock
                0x0017b8fc        0xc c:/devkitpro/devkitarm/bin/../lib/gcc/arm-none-eabi/5.3.0/../../../../arm-none-eabi/lib/armv6k/fpu\libg.a(lib_a-mlock.o)
                0x0017b8fc                __malloc_unlock
 .text.qsort    0x0017b908      0x890 c:/devkitpro/devkitarm/bin/../lib/gcc/arm-none-eabi/5.3.0/../../../../arm-none-eabi/lib/armv6k/fpu\libg.a(lib_a-qsort.o)
                0x0017b908                qsort
 .text.realloc  0x0017c198       0x20 c:/devkitpro/devkitarm/bin/../lib/gcc/arm-none-eabi/5.3.0/../../../../arm-none-eabi/lib/armv6k/fpu\libg.a(lib_a-realloc.o)
                0x0017c198                realloc
 .text._realloc_r
                0x0017c1b8      0x4c0 c:/devkitpro/devkitarm/bin/../lib/gcc/arm-none-eabi/5.3.0/../../../../arm-none-eabi/lib/armv6k/fpu\libg.a(lib_a-reallocr.o)
                0x0017c1b8                _realloc_r
 .text.lflush   0x0017c678       0x1c c:/devkitpro/devkitarm/bin/../lib/gcc/arm-none-eabi/5.3.0/../../../../arm-none-eabi/lib/armv6k/fpu\libg.a(lib_a-refill.o)
 .text.__srefill_r
                0x0017c694      0x1d8 c:/devkitpro/devkitarm/bin/../lib/gcc/arm-none-eabi/5.3.0/../../../../arm-none-eabi/lib/armv6k/fpu\libg.a(lib_a-refill.o)
                0x0017c694                __srefill_r
 .text.sprintf  0x0017c86c       0x68 c:/devkitpro/devkitarm/bin/../lib/gcc/arm-none-eabi/5.3.0/../../../../arm-none-eabi/lib/armv6k/fpu\libg.a(lib_a-sprintf.o)
                0x0017c86c                sprintf
 .text.__sread  0x0017c8d4       0x30 c:/devkitpro/devkitarm/bin/../lib/gcc/arm-none-eabi/5.3.0/../../../../arm-none-eabi/lib/armv6k/fpu\libg.a(lib_a-stdio.o)
                0x0017c8d4                __sread
 .text.__swrite
                0x0017c904       0x54 c:/devkitpro/devkitarm/bin/../lib/gcc/arm-none-eabi/5.3.0/../../../../arm-none-eabi/lib/armv6k/fpu\libg.a(lib_a-stdio.o)
                0x0017c904                __swrite
 .text.__sseek  0x0017c958       0x2c c:/devkitpro/devkitarm/bin/../lib/gcc/arm-none-eabi/5.3.0/../../../../arm-none-eabi/lib/armv6k/fpu\libg.a(lib_a-stdio.o)
                0x0017c958                __sseek
 .text.__sclose
                0x0017c984        0x8 c:/devkitpro/devkitarm/bin/../lib/gcc/arm-none-eabi/5.3.0/../../../../arm-none-eabi/lib/armv6k/fpu\libg.a(lib_a-stdio.o)
                0x0017c984                __sclose
 .text.strcpy   0x0017c98c       0xf0 c:/devkitpro/devkitarm/bin/../lib/gcc/arm-none-eabi/5.3.0/../../../../arm-none-eabi/lib/armv6k/fpu\libg.a(lib_a-strcpy.o)
                0x0017c98c                strcpy
 .text.strlen   0x0017ca7c       0x5c c:/devkitpro/devkitarm/bin/../lib/gcc/arm-none-eabi/5.3.0/../../../../arm-none-eabi/lib/armv6k/fpu\libg.a(lib_a-strlen.o)
                0x0017ca7c                strlen
 .text.strncat  0x0017cad8       0xa4 c:/devkitpro/devkitarm/bin/../lib/gcc/arm-none-eabi/5.3.0/../../../../arm-none-eabi/lib/armv6k/fpu\libg.a(lib_a-strncat.o)
                0x0017cad8                strncat
 .text.strncmp  0x0017cb7c      0x11c c:/devkitpro/devkitarm/bin/../lib/gcc/arm-none-eabi/5.3.0/../../../../arm-none-eabi/lib/armv6k/fpu\libg.a(lib_a-strncmp.o)
                0x0017cb7c                strncmp
 .text.strncpy  0x0017cc98       0xe0 c:/devkitpro/devkitarm/bin/../lib/gcc/arm-none-eabi/5.3.0/../../../../arm-none-eabi/lib/armv6k/fpu\libg.a(lib_a-strncpy.o)
                0x0017cc98                strncpy
 .text.strrchr  0x0017cd78       0x44 c:/devkitpro/devkitarm/bin/../lib/gcc/arm-none-eabi/5.3.0/../../../../arm-none-eabi/lib/armv6k/fpu\libg.a(lib_a-strrchr.o)
                0x0017cd78                strrchr
 .text.critical_factorization
                0x0017cdbc      0x118 c:/devkitpro/devkitarm/bin/../lib/gcc/arm-none-eabi/5.3.0/../../../../arm-none-eabi/lib/armv6k/fpu\libg.a(lib_a-strstr.o)
 .text.two_way_long_needle